22:59:02 **** Incremental Build of configuration Debug for project FreeRTOS_project ****
make -j16 all 
arm-none-eabi-gcc "../ThirdParty/FreeRTOS/portable/MemMang/heap_4.c" -mcpu=cortex-m3 -std=gnu11 -g3 -DDEBUG -DUSE_HAL_DRIVER -DSTM32F103xB -c -I../Core/Inc -I"/home/stellarbeing22/Desktop/FreeRTOS/RTOS_Projects/FreeRTOS_project/ThirdParty/FreeRTOS" -I"/home/stellarbeing22/Desktop/FreeRTOS/RTOS_Projects/FreeRTOS_project/ThirdParty/FreeRTOS/include" -I"/home/stellarbeing22/Desktop/FreeRTOS/RTOS_Projects/FreeRTOS_project/ThirdParty/FreeRTOS/portable/GCC/ARM_CM3" -I../Drivers/STM32F1xx_HAL_Driver/Inc/Legacy -I../Drivers/STM32F1xx_HAL_Driver/Inc -I../Drivers/CMSIS/Device/ST/STM32F1xx/Include -I../Drivers/CMSIS/Include -O0 -ffunction-sections -fdata-sections -Wall -fstack-usage -fcyclomatic-complexity -MMD -MP -MF"ThirdParty/FreeRTOS/portable/MemMang/heap_4.d" -MT"ThirdParty/FreeRTOS/portable/MemMang/heap_4.o" --specs=nano.specs -mfloat-abi=soft -mthumb -o "ThirdParty/FreeRTOS/portable/MemMang/heap_4.o"
arm-none-eabi-gcc "../ThirdParty/FreeRTOS/portable/GCC/ARM_CM3/port.c" -mcpu=cortex-m3 -std=gnu11 -g3 -DDEBUG -DUSE_HAL_DRIVER -DSTM32F103xB -c -I../Core/Inc -I"/home/stellarbeing22/Desktop/FreeRTOS/RTOS_Projects/FreeRTOS_project/ThirdParty/FreeRTOS" -I"/home/stellarbeing22/Desktop/FreeRTOS/RTOS_Projects/FreeRTOS_project/ThirdParty/FreeRTOS/include" -I"/home/stellarbeing22/Desktop/FreeRTOS/RTOS_Projects/FreeRTOS_project/ThirdParty/FreeRTOS/portable/GCC/ARM_CM3" -I../Drivers/STM32F1xx_HAL_Driver/Inc/Legacy -I../Drivers/STM32F1xx_HAL_Driver/Inc -I../Drivers/CMSIS/Device/ST/STM32F1xx/Include -I../Drivers/CMSIS/Include -O0 -ffunction-sections -fdata-sections -Wall -fstack-usage -fcyclomatic-complexity -MMD -MP -MF"ThirdParty/FreeRTOS/portable/GCC/ARM_CM3/port.d" -MT"ThirdParty/FreeRTOS/portable/GCC/ARM_CM3/port.o" --specs=nano.specs -mfloat-abi=soft -mthumb -o "ThirdParty/FreeRTOS/portable/GCC/ARM_CM3/port.o"
arm-none-eabi-gcc "../ThirdParty/FreeRTOS/croutine.c" -mcpu=cortex-m3 -std=gnu11 -g3 -DDEBUG -DUSE_HAL_DRIVER -DSTM32F103xB -c -I../Core/Inc -I"/home/stellarbeing22/Desktop/FreeRTOS/RTOS_Projects/FreeRTOS_project/ThirdParty/FreeRTOS" -I"/home/stellarbeing22/Desktop/FreeRTOS/RTOS_Projects/FreeRTOS_project/ThirdParty/FreeRTOS/include" -I"/home/stellarbeing22/Desktop/FreeRTOS/RTOS_Projects/FreeRTOS_project/ThirdParty/FreeRTOS/portable/GCC/ARM_CM3" -I../Drivers/STM32F1xx_HAL_Driver/Inc/Legacy -I../Drivers/STM32F1xx_HAL_Driver/Inc -I../Drivers/CMSIS/Device/ST/STM32F1xx/Include -I../Drivers/CMSIS/Include -O0 -ffunction-sections -fdata-sections -Wall -fstack-usage -fcyclomatic-complexity -MMD -MP -MF"ThirdParty/FreeRTOS/croutine.d" -MT"ThirdParty/FreeRTOS/croutine.o" --specs=nano.specs -mfloat-abi=soft -mthumb -o "ThirdParty/FreeRTOS/croutine.o"
arm-none-eabi-gcc "../ThirdParty/FreeRTOS/event_groups.c" -mcpu=cortex-m3 -std=gnu11 -g3 -DDEBUG -DUSE_HAL_DRIVER -DSTM32F103xB -c -I../Core/Inc -I"/home/stellarbeing22/Desktop/FreeRTOS/RTOS_Projects/FreeRTOS_project/ThirdParty/FreeRTOS" -I"/home/stellarbeing22/Desktop/FreeRTOS/RTOS_Projects/FreeRTOS_project/ThirdParty/FreeRTOS/include" -I"/home/stellarbeing22/Desktop/FreeRTOS/RTOS_Projects/FreeRTOS_project/ThirdParty/FreeRTOS/portable/GCC/ARM_CM3" -I../Drivers/STM32F1xx_HAL_Driver/Inc/Legacy -I../Drivers/STM32F1xx_HAL_Driver/Inc -I../Drivers/CMSIS/Device/ST/STM32F1xx/Include -I../Drivers/CMSIS/Include -O0 -ffunction-sections -fdata-sections -Wall -fstack-usage -fcyclomatic-complexity -MMD -MP -MF"ThirdParty/FreeRTOS/event_groups.d" -MT"ThirdParty/FreeRTOS/event_groups.o" --specs=nano.specs -mfloat-abi=soft -mthumb -o "ThirdParty/FreeRTOS/event_groups.o"
arm-none-eabi-gcc "../ThirdParty/FreeRTOS/list.c" -mcpu=cortex-m3 -std=gnu11 -g3 -DDEBUG -DUSE_HAL_DRIVER -DSTM32F103xB -c -I../Core/Inc -I"/home/stellarbeing22/Desktop/FreeRTOS/RTOS_Projects/FreeRTOS_project/ThirdParty/FreeRTOS" -I"/home/stellarbeing22/Desktop/FreeRTOS/RTOS_Projects/FreeRTOS_project/ThirdParty/FreeRTOS/include" -I"/home/stellarbeing22/Desktop/FreeRTOS/RTOS_Projects/FreeRTOS_project/ThirdParty/FreeRTOS/portable/GCC/ARM_CM3" -I../Drivers/STM32F1xx_HAL_Driver/Inc/Legacy -I../Drivers/STM32F1xx_HAL_Driver/Inc -I../Drivers/CMSIS/Device/ST/STM32F1xx/Include -I../Drivers/CMSIS/Include -O0 -ffunction-sections -fdata-sections -Wall -fstack-usage -fcyclomatic-complexity -MMD -MP -MF"ThirdParty/FreeRTOS/list.d" -MT"ThirdParty/FreeRTOS/list.o" --specs=nano.specs -mfloat-abi=soft -mthumb -o "ThirdParty/FreeRTOS/list.o"
arm-none-eabi-gcc "../ThirdParty/FreeRTOS/queue.c" -mcpu=cortex-m3 -std=gnu11 -g3 -DDEBUG -DUSE_HAL_DRIVER -DSTM32F103xB -c -I../Core/Inc -I"/home/stellarbeing22/Desktop/FreeRTOS/RTOS_Projects/FreeRTOS_project/ThirdParty/FreeRTOS" -I"/home/stellarbeing22/Desktop/FreeRTOS/RTOS_Projects/FreeRTOS_project/ThirdParty/FreeRTOS/include" -I"/home/stellarbeing22/Desktop/FreeRTOS/RTOS_Projects/FreeRTOS_project/ThirdParty/FreeRTOS/portable/GCC/ARM_CM3" -I../Drivers/STM32F1xx_HAL_Driver/Inc/Legacy -I../Drivers/STM32F1xx_HAL_Driver/Inc -I../Drivers/CMSIS/Device/ST/STM32F1xx/Include -I../Drivers/CMSIS/Include -O0 -ffunction-sections -fdata-sections -Wall -fstack-usage -fcyclomatic-complexity -MMD -MP -MF"ThirdParty/FreeRTOS/queue.d" -MT"ThirdParty/FreeRTOS/queue.o" --specs=nano.specs -mfloat-abi=soft -mthumb -o "ThirdParty/FreeRTOS/queue.o"
arm-none-eabi-gcc "../ThirdParty/FreeRTOS/stream_buffer.c" -mcpu=cortex-m3 -std=gnu11 -g3 -DDEBUG -DUSE_HAL_DRIVER -DSTM32F103xB -c -I../Core/Inc -I"/home/stellarbeing22/Desktop/FreeRTOS/RTOS_Projects/FreeRTOS_project/ThirdParty/FreeRTOS" -I"/home/stellarbeing22/Desktop/FreeRTOS/RTOS_Projects/FreeRTOS_project/ThirdParty/FreeRTOS/include" -I"/home/stellarbeing22/Desktop/FreeRTOS/RTOS_Projects/FreeRTOS_project/ThirdParty/FreeRTOS/portable/GCC/ARM_CM3" -I../Drivers/STM32F1xx_HAL_Driver/Inc/Legacy -I../Drivers/STM32F1xx_HAL_Driver/Inc -I../Drivers/CMSIS/Device/ST/STM32F1xx/Include -I../Drivers/CMSIS/Include -O0 -ffunction-sections -fdata-sections -Wall -fstack-usage -fcyclomatic-complexity -MMD -MP -MF"ThirdParty/FreeRTOS/stream_buffer.d" -MT"ThirdParty/FreeRTOS/stream_buffer.o" --specs=nano.specs -mfloat-abi=soft -mthumb -o "ThirdParty/FreeRTOS/stream_buffer.o"
arm-none-eabi-gcc "../ThirdParty/FreeRTOS/tasks.c" -mcpu=cortex-m3 -std=gnu11 -g3 -DDEBUG -DUSE_HAL_DRIVER -DSTM32F103xB -c -I../Core/Inc -I"/home/stellarbeing22/Desktop/FreeRTOS/RTOS_Projects/FreeRTOS_project/ThirdParty/FreeRTOS" -I"/home/stellarbeing22/Desktop/FreeRTOS/RTOS_Projects/FreeRTOS_project/ThirdParty/FreeRTOS/include" -I"/home/stellarbeing22/Desktop/FreeRTOS/RTOS_Projects/FreeRTOS_project/ThirdParty/FreeRTOS/portable/GCC/ARM_CM3" -I../Drivers/STM32F1xx_HAL_Driver/Inc/Legacy -I../Drivers/STM32F1xx_HAL_Driver/Inc -I../Drivers/CMSIS/Device/ST/STM32F1xx/Include -I../Drivers/CMSIS/Include -O0 -ffunction-sections -fdata-sections -Wall -fstack-usage -fcyclomatic-complexity -MMD -MP -MF"ThirdParty/FreeRTOS/tasks.d" -MT"ThirdParty/FreeRTOS/tasks.o" --specs=nano.specs -mfloat-abi=soft -mthumb -o "ThirdParty/FreeRTOS/tasks.o"
arm-none-eabi-gcc "../ThirdParty/FreeRTOS/timers.c" -mcpu=cortex-m3 -std=gnu11 -g3 -DDEBUG -DUSE_HAL_DRIVER -DSTM32F103xB -c -I../Core/Inc -I"/home/stellarbeing22/Desktop/FreeRTOS/RTOS_Projects/FreeRTOS_project/ThirdParty/FreeRTOS" -I"/home/stellarbeing22/Desktop/FreeRTOS/RTOS_Projects/FreeRTOS_project/ThirdParty/FreeRTOS/include" -I"/home/stellarbeing22/Desktop/FreeRTOS/RTOS_Projects/FreeRTOS_project/ThirdParty/FreeRTOS/portable/GCC/ARM_CM3" -I../Drivers/STM32F1xx_HAL_Driver/Inc/Legacy -I../Drivers/STM32F1xx_HAL_Driver/Inc -I../Drivers/CMSIS/Device/ST/STM32F1xx/Include -I../Drivers/CMSIS/Include -O0 -ffunction-sections -fdata-sections -Wall -fstack-usage -fcyclomatic-complexity -MMD -MP -MF"ThirdParty/FreeRTOS/timers.d" -MT"ThirdParty/FreeRTOS/timers.o" --specs=nano.specs -mfloat-abi=soft -mthumb -o "ThirdParty/FreeRTOS/timers.o"
arm-none-eabi-gcc "../Core/Src/main.c" -mcpu=cortex-m3 -std=gnu11 -g3 -DDEBUG -DUSE_HAL_DRIVER -DSTM32F103xB -c -I../Core/Inc -I"/home/stellarbeing22/Desktop/FreeRTOS/RTOS_Projects/FreeRTOS_project/ThirdParty/FreeRTOS" -I"/home/stellarbeing22/Desktop/FreeRTOS/RTOS_Projects/FreeRTOS_project/ThirdParty/FreeRTOS/include" -I"/home/stellarbeing22/Desktop/FreeRTOS/RTOS_Projects/FreeRTOS_project/ThirdParty/FreeRTOS/portable/GCC/ARM_CM3" -I../Drivers/STM32F1xx_HAL_Driver/Inc/Legacy -I../Drivers/STM32F1xx_HAL_Driver/Inc -I../Drivers/CMSIS/Device/ST/STM32F1xx/Include -I../Drivers/CMSIS/Include -O0 -ffunction-sections -fdata-sections -Wall -fstack-usage -fcyclomatic-complexity -MMD -MP -MF"Core/Src/main.d" -MT"Core/Src/main.o" --specs=nano.specs -mfloat-abi=soft -mthumb -o "Core/Src/main.o"
arm-none-eabi-gcc -o "FreeRTOS_project.elf" @"objects.list"   -mcpu=cortex-m3 -T"/home/stellarbeing22/Desktop/FreeRTOS/RTOS_Projects/FreeRTOS_project/STM32F103RBTX_FLASH.ld" --specs=nosys.specs -Wl,-Map="FreeRTOS_project.map" -Wl,--gc-sections -static --specs=nano.specs -mfloat-abi=soft -mthumb -Wl,--start-group -lc -lm -Wl,--end-group
Finished building target: FreeRTOS_project.elf
 
arm-none-eabi-size  FreeRTOS_project.elf 
arm-none-eabi-objdump -h -S FreeRTOS_project.elf  > "FreeRTOS_project.list"
   text	   data	    bss	    dec	    hex	filename
  10140	     16	  19344	  29500	   733c	FreeRTOS_project.elf
Finished building: default.size.stdout
 
Finished building: FreeRTOS_project.list
 
22:59:38 **** Incremental Build of configuration Debug for project FreeRTOS_project ****
make -j16 all 
arm-none-eabi-size  FreeRTOS_project.elf 
   text	   data	    bss	    dec	    hex	filename
  10140	     16	  19344	  29500	   733c	FreeRTOS_project.elf
Finished building: default.size.stdout
 
