Archive member included to satisfy reference by file (symbol)

/opt/st/stm32cubeide_1.19.0/plugins/com.st.stm32cube.ide.mcu.externaltools.gnu-tools-for-stm32.13.3.rel1.linux64_1.0.0.202410170706/tools/bin/../lib/gcc/arm-none-eabi/13.3.1/../../../../arm-none-eabi/lib/thumb/v7-m/nofp/libc_nano.a(libc_a-exit.o)
                              /opt/st/stm32cubeide_1.19.0/plugins/com.st.stm32cube.ide.mcu.externaltools.gnu-tools-for-stm32.13.3.rel1.linux64_1.0.0.202410170706/tools/bin/../lib/gcc/arm-none-eabi/13.3.1/../../../../arm-none-eabi/lib/thumb/v7-m/nofp/crt0.o (exit)
/opt/st/stm32cubeide_1.19.0/plugins/com.st.stm32cube.ide.mcu.externaltools.gnu-tools-for-stm32.13.3.rel1.linux64_1.0.0.202410170706/tools/bin/../lib/gcc/arm-none-eabi/13.3.1/../../../../arm-none-eabi/lib/thumb/v7-m/nofp/libc_nano.a(libc_a-findfp.o)
                              /opt/st/stm32cubeide_1.19.0/plugins/com.st.stm32cube.ide.mcu.externaltools.gnu-tools-for-stm32.13.3.rel1.linux64_1.0.0.202410170706/tools/bin/../lib/gcc/arm-none-eabi/13.3.1/../../../../arm-none-eabi/lib/thumb/v7-m/nofp/libc_nano.a(libc_a-exit.o) (__stdio_exit_handler)
/opt/st/stm32cubeide_1.19.0/plugins/com.st.stm32cube.ide.mcu.externaltools.gnu-tools-for-stm32.13.3.rel1.linux64_1.0.0.202410170706/tools/bin/../lib/gcc/arm-none-eabi/13.3.1/../../../../arm-none-eabi/lib/thumb/v7-m/nofp/libc_nano.a(libc_a-fwalk.o)
                              /opt/st/stm32cubeide_1.19.0/plugins/com.st.stm32cube.ide.mcu.externaltools.gnu-tools-for-stm32.13.3.rel1.linux64_1.0.0.202410170706/tools/bin/../lib/gcc/arm-none-eabi/13.3.1/../../../../arm-none-eabi/lib/thumb/v7-m/nofp/libc_nano.a(libc_a-findfp.o) (_fwalk_sglue)
/opt/st/stm32cubeide_1.19.0/plugins/com.st.stm32cube.ide.mcu.externaltools.gnu-tools-for-stm32.13.3.rel1.linux64_1.0.0.202410170706/tools/bin/../lib/gcc/arm-none-eabi/13.3.1/../../../../arm-none-eabi/lib/thumb/v7-m/nofp/libc_nano.a(libc_a-stdio.o)
                              /opt/st/stm32cubeide_1.19.0/plugins/com.st.stm32cube.ide.mcu.externaltools.gnu-tools-for-stm32.13.3.rel1.linux64_1.0.0.202410170706/tools/bin/../lib/gcc/arm-none-eabi/13.3.1/../../../../arm-none-eabi/lib/thumb/v7-m/nofp/libc_nano.a(libc_a-findfp.o) (__sread)
/opt/st/stm32cubeide_1.19.0/plugins/com.st.stm32cube.ide.mcu.externaltools.gnu-tools-for-stm32.13.3.rel1.linux64_1.0.0.202410170706/tools/bin/../lib/gcc/arm-none-eabi/13.3.1/../../../../arm-none-eabi/lib/thumb/v7-m/nofp/libc_nano.a(libc_a-memcmp.o)
                              ./ThirdParty/SEGGER/OS/SEGGER_SYSVIEW_FreeRTOS.o (memcmp)
/opt/st/stm32cubeide_1.19.0/plugins/com.st.stm32cube.ide.mcu.externaltools.gnu-tools-for-stm32.13.3.rel1.linux64_1.0.0.202410170706/tools/bin/../lib/gcc/arm-none-eabi/13.3.1/../../../../arm-none-eabi/lib/thumb/v7-m/nofp/libc_nano.a(libc_a-memset.o)
                              /opt/st/stm32cubeide_1.19.0/plugins/com.st.stm32cube.ide.mcu.externaltools.gnu-tools-for-stm32.13.3.rel1.linux64_1.0.0.202410170706/tools/bin/../lib/gcc/arm-none-eabi/13.3.1/../../../../arm-none-eabi/lib/thumb/v7-m/nofp/crt0.o (memset)
/opt/st/stm32cubeide_1.19.0/plugins/com.st.stm32cube.ide.mcu.externaltools.gnu-tools-for-stm32.13.3.rel1.linux64_1.0.0.202410170706/tools/bin/../lib/gcc/arm-none-eabi/13.3.1/../../../../arm-none-eabi/lib/thumb/v7-m/nofp/libc_nano.a(libc_a-closer.o)
                              /opt/st/stm32cubeide_1.19.0/plugins/com.st.stm32cube.ide.mcu.externaltools.gnu-tools-for-stm32.13.3.rel1.linux64_1.0.0.202410170706/tools/bin/../lib/gcc/arm-none-eabi/13.3.1/../../../../arm-none-eabi/lib/thumb/v7-m/nofp/libc_nano.a(libc_a-stdio.o) (_close_r)
/opt/st/stm32cubeide_1.19.0/plugins/com.st.stm32cube.ide.mcu.externaltools.gnu-tools-for-stm32.13.3.rel1.linux64_1.0.0.202410170706/tools/bin/../lib/gcc/arm-none-eabi/13.3.1/../../../../arm-none-eabi/lib/thumb/v7-m/nofp/libc_nano.a(libc_a-reent.o)
                              /opt/st/stm32cubeide_1.19.0/plugins/com.st.stm32cube.ide.mcu.externaltools.gnu-tools-for-stm32.13.3.rel1.linux64_1.0.0.202410170706/tools/bin/../lib/gcc/arm-none-eabi/13.3.1/../../../../arm-none-eabi/lib/thumb/v7-m/nofp/libc_nano.a(libc_a-closer.o) (errno)
/opt/st/stm32cubeide_1.19.0/plugins/com.st.stm32cube.ide.mcu.externaltools.gnu-tools-for-stm32.13.3.rel1.linux64_1.0.0.202410170706/tools/bin/../lib/gcc/arm-none-eabi/13.3.1/../../../../arm-none-eabi/lib/thumb/v7-m/nofp/libc_nano.a(libc_a-impure.o)
                              /opt/st/stm32cubeide_1.19.0/plugins/com.st.stm32cube.ide.mcu.externaltools.gnu-tools-for-stm32.13.3.rel1.linux64_1.0.0.202410170706/tools/bin/../lib/gcc/arm-none-eabi/13.3.1/../../../../arm-none-eabi/lib/thumb/v7-m/nofp/libc_nano.a(libc_a-reent.o) (_impure_ptr)
/opt/st/stm32cubeide_1.19.0/plugins/com.st.stm32cube.ide.mcu.externaltools.gnu-tools-for-stm32.13.3.rel1.linux64_1.0.0.202410170706/tools/bin/../lib/gcc/arm-none-eabi/13.3.1/../../../../arm-none-eabi/lib/thumb/v7-m/nofp/libc_nano.a(libc_a-lseekr.o)
[...]
Memory Configuration

Name             Origin             Length             Attributes
RAM              0x20000000         0x00005000         xrw
FLASH            0x08000000         0x00020000         xr
*default*        0x00000000         0xffffffff

Linker script and memory map

LOAD /opt/st/stm32cubeide_1.19.0/plugins/com.st.stm32cube.ide.mcu.externaltools.gnu-tools-for-stm32.13.3.rel1.linux64_1.0.0.202410170706/tools/bin/../lib/gcc/arm-none-eabi/13.3.1/thumb/v7-m/nofp/crti.o
LOAD /opt/st/stm32cubeide_1.19.0/plugins/com.st.stm32cube.ide.mcu.externaltools.gnu-tools-for-stm32.13.3.rel1.linux64_1.0.0.202410170706/tools/bin/../lib/gcc/arm-none-eabi/13.3.1/thumb/v7-m/nofp/crtbegin.o
LOAD /opt/st/stm32cubeide_1.19.0/plugins/com.st.stm32cube.ide.mcu.externaltools.gnu-tools-for-stm32.13.3.rel1.linux64_1.0.0.202410170706/tools/bin/../lib/gcc/arm-none-eabi/13.3.1/../../../../arm-none-eabi/lib/thumb/v7-m/nofp/crt0.o
LOAD ./Core/Src/InvertPriority.o
LOAD ./Core/Src/stm32f1xx_hal_msp.o
LOAD ./Core/Src/stm32f1xx_hal_timebase_tim.o
LOAD ./Core/Src/stm32f1xx_it.o
LOAD ./Core/Src/syscalls.o
LOAD ./Core/Src/system_stm32f1xx.o
LOAD ./Core/Startup/startup_stm32f103rbtx.o
LOAD ./Drivers/STM32F1xx_HAL_Driver/Src/stm32f1xx_hal.o
LOAD ./Drivers/STM32F1xx_HAL_Driver/Src/stm32f1xx_hal_cortex.o
LOAD ./Drivers/STM32F1xx_HAL_Driver/Src/stm32f1xx_hal_dma.o
LOAD ./Drivers/STM32F1xx_HAL_Driver/Src/stm32f1xx_hal_exti.o
LOAD ./Drivers/STM32F1xx_HAL_Driver/Src/stm32f1xx_hal_flash.o
LOAD ./Drivers/STM32F1xx_HAL_Driver/Src/stm32f1xx_hal_flash_ex.o
LOAD ./Drivers/STM32F1xx_HAL_Driver/Src/stm32f1xx_hal_gpio.o
LOAD ./Drivers/STM32F1xx_HAL_Driver/Src/stm32f1xx_hal_gpio_ex.o
LOAD ./Drivers/STM32F1xx_HAL_Driver/Src/stm32f1xx_hal_pwr.o
LOAD ./Drivers/STM32F1xx_HAL_Driver/Src/stm32f1xx_hal_rcc.o
LOAD ./Drivers/STM32F1xx_HAL_Driver/Src/stm32f1xx_hal_rcc_ex.o
LOAD ./Drivers/STM32F1xx_HAL_Driver/Src/stm32f1xx_hal_tim.o
LOAD ./Drivers/STM32F1xx_HAL_Driver/Src/stm32f1xx_hal_tim_ex.o
LOAD ./ThirdParty/FreeRTOS/croutine.o
LOAD ./ThirdParty/FreeRTOS/event_groups.o
LOAD ./ThirdParty/FreeRTOS/list.o
LOAD ./ThirdParty/FreeRTOS/queue.o
LOAD ./ThirdParty/FreeRTOS/stream_buffer.o
LOAD ./ThirdParty/FreeRTOS/tasks.o
LOAD ./ThirdParty/FreeRTOS/timers.o
LOAD ./ThirdParty/FreeRTOS/portable/GCC/ARM_CM3/port.o
LOAD ./ThirdParty/FreeRTOS/portable/MemMang/heap_4.o
LOAD ./ThirdParty/SEGGER/Config/SEGGER_SYSVIEW_Config_FreeRTOS.o
LOAD ./ThirdParty/SEGGER/OS/SEGGER_SYSVIEW_FreeRTOS.o
LOAD ./ThirdParty/SEGGER/Rec/segger_uart.o
LOAD ./ThirdParty/SEGGER/SEGGER/SEGGER_RTT.o
LOAD ./ThirdParty/SEGGER/SEGGER/SEGGER_RTT_ASM_ARMv7M.o
LOAD ./ThirdParty/SEGGER/SEGGER/SEGGER_RTT_printf.o
LOAD ./ThirdParty/SEGGER/SEGGER/SEGGER_SYSVIEW.o
LOAD ./ThirdParty/SEGGER/SEGGER/Syscalls/SEGGER_RTT_Syscalls_GCC.o
START GROUP
LOAD /opt/st/stm32cubeide_1.19.0/plugins/com.st.stm32cube.ide.mcu.externaltools.gnu-tools-for-stm32.13.3.rel1.linux64_1.0.0.202410170706/tools/bin/../lib/gcc/arm-none-eabi/13.3.1/../../../../arm-none-eabi/lib/thumb/v7-m/nofp/libc_nano.a
LOAD /opt/st/stm32cubeide_1.19.0/plugins/com.st.stm32cube.ide.mcu.externaltools.gnu-tools-for-stm32.13.3.rel1.linux64_1.0.0.202410170706/tools/bin/../lib/gcc/arm-none-eabi/13.3.1/../../../../arm-none-eabi/lib/thumb/v7-m/nofp/libm.a
END GROUP
START GROUP
LOAD /opt/st/stm32cubeide_1.19.0/plugins/com.st.stm32cube.ide.mcu.externaltools.gnu-tools-for-stm32.13.3.rel1.linux64_1.0.0.202410170706/tools/bin/../lib/gcc/arm-none-eabi/13.3.1/thumb/v7-m/nofp/libgcc.a
LOAD /opt/st/stm32cubeide_1.19.0/plugins/com.st.stm32cube.ide.mcu.externaltools.gnu-tools-for-stm32.13.3.rel1.linux64_1.0.0.202410170706/tools/bin/../lib/gcc/arm-none-eabi/13.3.1/../../../../arm-none-eabi/lib/thumb/v7-m/nofp/libc_nano.a
END GROUP
START GROUP
LOAD /opt/st/stm32cubeide_1.19.0/plugins/com.st.stm32cube.ide.mcu.externaltools.gnu-tools-for-stm32.13.3.rel1.linux64_1.0.0.202410170706/tools/bin/../lib/gcc/arm-none-eabi/13.3.1/thumb/v7-m/nofp/libgcc.a
LOAD /opt/st/stm32cubeide_1.19.0/plugins/com.st.stm32cube.ide.mcu.externaltools.gnu-tools-for-stm32.13.3.rel1.linux64_1.0.0.202410170706/tools/bin/../lib/gcc/arm-none-eabi/13.3.1/../../../../arm-none-eabi/lib/thumb/v7-m/nofp/libc_nano.a
LOAD /opt/st/stm32cubeide_1.19.0/plugins/com.st.stm32cube.ide.mcu.externaltools.gnu-tools-for-stm32.13.3.rel1.linux64_1.0.0.202410170706/tools/bin/../lib/gcc/arm-none-eabi/13.3.1/../../../../arm-none-eabi/lib/thumb/v7-m/nofp/libnosys.a
END GROUP
START GROUP
LOAD /opt/st/stm32cubeide_1.19.0/plugins/com.st.stm32cube.ide.mcu.externaltools.gnu-tools-for-stm32.13.3.rel1.linux64_1.0.0.202410170706/tools/bin/../lib/gcc/arm-none-eabi/13.3.1/thumb/v7-m/nofp/libgcc.a
LOAD /opt/st/stm32cubeide_1.19.0/plugins/com.st.stm32cube.ide.mcu.externaltools.gnu-tools-for-stm32.13.3.rel1.linux64_1.0.0.202410170706/tools/bin/../lib/gcc/arm-none-eabi/13.3.1/../../../../arm-none-eabi/lib/thumb/v7-m/nofp/libc_nano.a
LOAD /opt/st/stm32cubeide_1.19.0/plugins/com.st.stm32cube.ide.mcu.externaltools.gnu-tools-for-stm32.13.3.rel1.linux64_1.0.0.202410170706/tools/bin/../lib/gcc/arm-none-eabi/13.3.1/../../../../arm-none-eabi/lib/thumb/v7-m/nofp/libnosys.a
END GROUP
LOAD /opt/st/stm32cubeide_1.19.0/plugins/com.st.stm32cube.ide.mcu.externaltools.gnu-tools-for-stm32.13.3.rel1.linux64_1.0.0.202410170706/tools/bin/../lib/gcc/arm-none-eabi/13.3.1/thumb/v7-m/nofp/crtend.o
LOAD /opt/st/stm32cubeide_1.19.0/plugins/com.st.stm32cube.ide.mcu.externaltools.gnu-tools-for-stm32.13.3.rel1.linux64_1.0.0.202410170706/tools/bin/../lib/gcc/arm-none-eabi/13.3.1/thumb/v7-m/nofp/crtn.o
                0x20005000                        _estack = (ORIGIN (RAM) + LENGTH (RAM))
                0x00000200                        _Min_Heap_Size = 0x200
                0x00000400                        _Min_Stack_Size = 0x400

.isr_vector     0x08000000      0x10c
                0x08000000                        . = ALIGN (0x4)
 *(.isr_vector)
 .isr_vector    0x08000000      0x10c ./Core/Startup/startup_stm32f103rbtx.o
                0x08000000                g_pfnVectors
                0x0800010c                        . = ALIGN (0x4)

.text           0x08000110     0x3f40
                0x08000110                        . = ALIGN (0x4)
 *(.text)
 .text          0x08000110       0x40 /opt/st/stm32cubeide_1.19.0/plugins/com.st.stm32cube.ide.mcu.externaltools.gnu-tools-for-stm32.13.3.rel1.linux64_1.0.0.202410170706/tools/bin/../lib/gcc/arm-none-eabi/13.3.1/thumb/v7-m/nofp/crtbegin.o
 .text          0x08000150       0x8c ./ThirdParty/SEGGER/SEGGER/SEGGER_RTT_ASM_ARMv7M.o
                0x08000150                SEGGER_RTT_ASM_WriteSkipNoLock
 *(.text*)
 .text.main     0x080001dc       0x80 ./Core/Src/InvertPriority.o
                0x080001dc                main
 .text.SystemClock_Config
                0x0800025c       0x82 ./Core/Src/InvertPriority.o
                0x0800025c                SystemClock_Config
 *fill*         0x080002de        0x2 
 .text.MX_GPIO_Init
                0x080002e0       0xf4 ./Core/Src/InvertPriority.o
 .text.green_led_task
                0x080003d4       0x3c ./Core/Src/InvertPriority.o
 .text.blue_led_task
                0x08000410       0x3c ./Core/Src/InvertPriority.o
 .text.Interrupt_handle
                0x0800044c       0x8c ./Core/Src/InvertPriority.o
                0x0800044c                Interrupt_handle
 .text.EXTI15_10_IRQHandler
                0x080004d8       0x14 ./Core/Src/InvertPriority.o
                0x080004d8                EXTI15_10_IRQHandler
 .text.HAL_TIM_PeriodElapsedCallback
                0x080004ec       0x1e ./Core/Src/InvertPriority.o
                0x080004ec                HAL_TIM_PeriodElapsedCallback
 .text.Error_Handler
                0x0800050a        0xc ./Core/Src/InvertPriority.o
                0x0800050a                Error_Handler
 *fill*         0x08000516        0x2 
 .text.HAL_MspInit
                0x08000518       0x64 ./Core/Src/stm32f1xx_hal_msp.o
                0x08000518                HAL_MspInit
 .text.HAL_InitTick
                0x0800057c       0xf8 ./Core/Src/stm32f1xx_hal_timebase_tim.o
                0x0800057c                HAL_InitTick
 .text.NMI_Handler
                0x08000674        0x8 ./Core/Src/stm32f1xx_it.o
                0x08000674                NMI_Handler
 .text.HardFault_Handler
                0x0800067c        0x8 ./Core/Src/stm32f1xx_it.o
                0x0800067c                HardFault_Handler
 .text.MemManage_Handler
                0x08000684        0x8 ./Core/Src/stm32f1xx_it.o
                0x08000684                MemManage_Handler
 .text.BusFault_Handler
                0x0800068c        0x8 ./Core/Src/stm32f1xx_it.o
                0x0800068c                BusFault_Handler
 .text.UsageFault_Handler
                0x08000694        0x8 ./Core/Src/stm32f1xx_it.o
                0x08000694                UsageFault_Handler
 .text.DebugMon_Handler
                0x0800069c        0xc ./Core/Src/stm32f1xx_it.o
                0x0800069c                DebugMon_Handler
 .text.TIM2_IRQHandler
                0x080006a8       0x14 ./Core/Src/stm32f1xx_it.o
                0x080006a8                TIM2_IRQHandler
 .text.SystemInit
                0x080006bc        0xc ./Core/Src/system_stm32f1xx.o
                0x080006bc                SystemInit
 .text.Reset_Handler
                0x080006c8       0x48 ./Core/Startup/startup_stm32f103rbtx.o
                0x080006c8                Reset_Handler
 .text.Default_Handler
                0x08000710        0x2 ./Core/Startup/startup_stm32f103rbtx.o
                0x08000710                RTC_Alarm_IRQHandler
                0x08000710                EXTI2_IRQHandler
                0x08000710                TIM1_CC_IRQHandler
                0x08000710                PVD_IRQHandler
                0x08000710                EXTI3_IRQHandler
                0x08000710                EXTI0_IRQHandler
                0x08000710                I2C2_EV_IRQHandler
                0x08000710                ADC1_2_IRQHandler
                0x08000710                SPI1_IRQHandler
                0x08000710                TAMPER_IRQHandler
                0x08000710                DMA1_Channel4_IRQHandler
                0x08000710                USART3_IRQHandler
                0x08000710                RTC_IRQHandler
                0x08000710                DMA1_Channel7_IRQHandler
                0x08000710                CAN1_RX1_IRQHandler
                0x08000710                TIM4_IRQHandler
                0x08000710                I2C1_EV_IRQHandler
                0x08000710                DMA1_Channel6_IRQHandler
                0x08000710                TIM3_IRQHandler
                0x08000710                RCC_IRQHandler
                0x08000710                TIM1_TRG_COM_IRQHandler
                0x08000710                DMA1_Channel1_IRQHandler
                0x08000710                Default_Handler
                0x08000710                EXTI9_5_IRQHandler
                0x08000710                SPI2_IRQHandler
                0x08000710                DMA1_Channel5_IRQHandler
                0x08000710                EXTI4_IRQHandler
                0x08000710                USB_LP_CAN1_RX0_IRQHandler
                0x08000710                USB_HP_CAN1_TX_IRQHandler
                0x08000710                DMA1_Channel3_IRQHandler
                0x08000710                TIM1_UP_IRQHandler
                0x08000710                WWDG_IRQHandler
                0x08000710                TIM1_BRK_IRQHandler
                0x08000710                EXTI1_IRQHandler
                0x08000710                I2C2_ER_IRQHandler
                0x08000710                DMA1_Channel2_IRQHandler
                0x08000710                CAN1_SCE_IRQHandler
                0x08000710                FLASH_IRQHandler
                0x08000710                USART1_IRQHandler
                0x08000710                I2C1_ER_IRQHandler
                0x08000710                USBWakeUp_IRQHandler
 *fill*         0x08000712        0x2 
 .text.HAL_Init
                0x08000714       0x2c ./Drivers/STM32F1xx_HAL_Driver/Src/stm32f1xx_hal.o
                0x08000714                HAL_Init
 .text.HAL_IncTick
                0x08000740       0x24 ./Drivers/STM32F1xx_HAL_Driver/Src/stm32f1xx_hal.o
                0x08000740                HAL_IncTick
 .text.HAL_GetTick
                0x08000764       0x14 ./Drivers/STM32F1xx_HAL_Driver/Src/stm32f1xx_hal.o
                0x08000764                HAL_GetTick
 .text.__NVIC_SetPriorityGrouping
                0x08000778       0x48 ./Drivers/STM32F1xx_HAL_Driver/Src/stm32f1xx_hal_cortex.o
 .text.__NVIC_GetPriorityGrouping
                0x080007c0       0x1c ./Drivers/STM32F1xx_HAL_Driver/Src/stm32f1xx_hal_cortex.o
 .text.__NVIC_EnableIRQ
                0x080007dc       0x38 ./Drivers/STM32F1xx_HAL_Driver/Src/stm32f1xx_hal_cortex.o
 .text.__NVIC_SetPriority
                0x08000814       0x54 ./Drivers/STM32F1xx_HAL_Driver/Src/stm32f1xx_hal_cortex.o
 .text.NVIC_EncodePriority
                0x08000868       0x64 ./Drivers/STM32F1xx_HAL_Driver/Src/stm32f1xx_hal_cortex.o
 .text.HAL_NVIC_SetPriorityGrouping
                0x080008cc       0x16 ./Drivers/STM32F1xx_HAL_Driver/Src/stm32f1xx_hal_cortex.o
                0x080008cc                HAL_NVIC_SetPriorityGrouping
 .text.HAL_NVIC_SetPriority
                0x080008e2       0x38 ./Drivers/STM32F1xx_HAL_Driver/Src/stm32f1xx_hal_cortex.o
                0x080008e2                HAL_NVIC_SetPriority
 .text.HAL_NVIC_EnableIRQ
                0x0800091a       0x1c ./Drivers/STM32F1xx_HAL_Driver/Src/stm32f1xx_hal_cortex.o
                0x0800091a                HAL_NVIC_EnableIRQ
 *fill*         0x08000936        0x2 
 .text.HAL_GPIO_Init
                0x08000938      0x308 ./Drivers/STM32F1xx_HAL_Driver/Src/stm32f1xx_hal_gpio.o
                0x08000938                HAL_GPIO_Init
 .text.HAL_GPIO_WritePin
                0x08000c40       0x30 ./Drivers/STM32F1xx_HAL_Driver/Src/stm32f1xx_hal_gpio.o
                0x08000c40                HAL_GPIO_WritePin
 .text.HAL_GPIO_TogglePin
                0x08000c70       0x32 ./Drivers/STM32F1xx_HAL_Driver/Src/stm32f1xx_hal_gpio.o
                0x08000c70                HAL_GPIO_TogglePin
 *fill*         0x08000ca2        0x2 
 .text.HAL_GPIO_EXTI_IRQHandler
                0x08000ca4       0x30 ./Drivers/STM32F1xx_HAL_Driver/Src/stm32f1xx_hal_gpio.o
                0x08000ca4                HAL_GPIO_EXTI_IRQHandler
 .text.HAL_GPIO_EXTI_Callback
                0x08000cd4       0x14 ./Drivers/STM32F1xx_HAL_Driver/Src/stm32f1xx_hal_gpio.o
                0x08000cd4                HAL_GPIO_EXTI_Callback
 .text.HAL_RCC_OscConfig
                0x08000ce8      0x504 ./Drivers/STM32F1xx_HAL_Driver/Src/stm32f1xx_hal_rcc.o
                0x08000ce8                HAL_RCC_OscConfig
 .text.HAL_RCC_ClockConfig
                0x080011ec      0x1d4 ./Drivers/STM32F1xx_HAL_Driver/Src/stm32f1xx_hal_rcc.o
                0x080011ec                HAL_RCC_ClockConfig
 .text.HAL_RCC_GetSysClockFreq
                0x080013c0       0xa8 ./Drivers/STM32F1xx_HAL_Driver/Src/stm32f1xx_hal_rcc.o
                0x080013c0                HAL_RCC_GetSysClockFreq
 .text.HAL_RCC_GetHCLKFreq
                0x08001468       0x14 ./Drivers/STM32F1xx_HAL_Driver/Src/stm32f1xx_hal_rcc.o
                0x08001468                HAL_RCC_GetHCLKFreq
 .text.HAL_RCC_GetPCLK1Freq
                0x0800147c       0x28 ./Drivers/STM32F1xx_HAL_Driver/Src/stm32f1xx_hal_rcc.o
                0x0800147c                HAL_RCC_GetPCLK1Freq
 .text.HAL_RCC_GetClockConfig
                0x080014a4       0x60 ./Drivers/STM32F1xx_HAL_Driver/Src/stm32f1xx_hal_rcc.o
                0x080014a4                HAL_RCC_GetClockConfig
 .text.RCC_Delay
                0x08001504       0x3c ./Drivers/STM32F1xx_HAL_Driver/Src/stm32f1xx_hal_rcc.o
 .text.HAL_TIM_Base_Init
                0x08001540       0x9e ./Drivers/STM32F1xx_HAL_Driver/Src/stm32f1xx_hal_tim.o
                0x08001540                HAL_TIM_Base_Init
 .text.HAL_TIM_Base_MspInit
                0x080015de       0x12 ./Drivers/STM32F1xx_HAL_Driver/Src/stm32f1xx_hal_tim.o
                0x080015de                HAL_TIM_Base_MspInit
 .text.HAL_TIM_Base_Start_IT
                0x080015f0       0xa4 ./Drivers/STM32F1xx_HAL_Driver/Src/stm32f1xx_hal_tim.o
                0x080015f0                HAL_TIM_Base_Start_IT
 .text.HAL_TIM_IRQHandler
                0x08001694      0x1e0 ./Drivers/STM32F1xx_HAL_Driver/Src/stm32f1xx_hal_tim.o
                0x08001694                HAL_TIM_IRQHandler
 .text.HAL_TIM_OC_DelayElapsedCallback
                0x08001874       0x12 ./Drivers/STM32F1xx_HAL_Driver/Src/stm32f1xx_hal_tim.o
                0x08001874                HAL_TIM_OC_DelayElapsedCallback
 .text.HAL_TIM_IC_CaptureCallback
                0x08001886       0x12 ./Drivers/STM32F1xx_HAL_Driver/Src/stm32f1xx_hal_tim.o
                0x08001886                HAL_TIM_IC_CaptureCallback
 .text.HAL_TIM_PWM_PulseFinishedCallback
                0x08001898       0x12 ./Drivers/STM32F1xx_HAL_Driver/Src/stm32f1xx_hal_tim.o
                0x08001898                HAL_TIM_PWM_PulseFinishedCallback
 .text.HAL_TIM_TriggerCallback
                0x080018aa       0x12 ./Drivers/STM32F1xx_HAL_Driver/Src/stm32f1xx_hal_tim.o
                0x080018aa                HAL_TIM_TriggerCallback
 .text.TIM_Base_SetConfig
                0x080018bc       0xdc ./Drivers/STM32F1xx_HAL_Driver/Src/stm32f1xx_hal_tim.o
                0x080018bc                TIM_Base_SetConfig
 .text.HAL_TIMEx_CommutCallback
                0x08001998       0x12 ./Drivers/STM32F1xx_HAL_Driver/Src/stm32f1xx_hal_tim_ex.o
                0x08001998                HAL_TIMEx_CommutCallback
 .text.HAL_TIMEx_BreakCallback
                0x080019aa       0x12 ./Drivers/STM32F1xx_HAL_Driver/Src/stm32f1xx_hal_tim_ex.o
                0x080019aa                HAL_TIMEx_BreakCallback
 .text.vListInitialise
                0x080019bc       0x3e ./ThirdParty/FreeRTOS/list.o
                0x080019bc                vListInitialise
 .text.vListInitialiseItem
                0x080019fa       0x18 ./ThirdParty/FreeRTOS/list.o
                0x080019fa                vListInitialiseItem
 .text.vListInsertEnd
                0x08001a12       0x46 ./ThirdParty/FreeRTOS/list.o
                0x08001a12                vListInsertEnd
 .text.vListInsert
                0x08001a58       0x70 ./ThirdParty/FreeRTOS/list.o
                0x08001a58                vListInsert
 .text.uxListRemove
                0x08001ac8       0x52 ./ThirdParty/FreeRTOS/list.o
                0x08001ac8                uxListRemove
 .text.xTaskCreate
                0x08001b1a       0x82 ./ThirdParty/FreeRTOS/tasks.o
                0x08001b1a                xTaskCreate
 .text.prvInitialiseNewTask
                0x08001b9c       0xf0 ./ThirdParty/FreeRTOS/tasks.o
 .text.prvAddNewTaskToReadyList
                0x08001c8c      0x110 ./ThirdParty/FreeRTOS/tasks.o
 .text.vTaskDelay
                0x08001d9c       0x50 ./ThirdParty/FreeRTOS/tasks.o
                0x08001d9c                vTaskDelay
 .text.uxTaskPriorityGet
                0x08001dec       0x34 ./ThirdParty/FreeRTOS/tasks.o
                0x08001dec                uxTaskPriorityGet
 .text.vTaskPrioritySet
                0x08001e20      0x154 ./ThirdParty/FreeRTOS/tasks.o
                0x08001e20                vTaskPrioritySet
 .text.vTaskStartScheduler
                0x08001f74       0x98 ./ThirdParty/FreeRTOS/tasks.o
                0x08001f74                vTaskStartScheduler
 .text.vTaskSuspendAll
                0x0800200c       0x1c ./ThirdParty/FreeRTOS/tasks.o
                0x0800200c                vTaskSuspendAll
 .text.xTaskResumeAll
                0x08002028      0x124 ./ThirdParty/FreeRTOS/tasks.o
                0x08002028                xTaskResumeAll
 .text.xTaskIncrementTick
                0x0800214c      0x158 ./ThirdParty/FreeRTOS/tasks.o
                0x0800214c                xTaskIncrementTick
 .text.vTaskSwitchContext
                0x080022a4       0xa8 ./ThirdParty/FreeRTOS/tasks.o
                0x080022a4                vTaskSwitchContext
 .text.prvIdleTask
                0x0800234c       0x30 ./ThirdParty/FreeRTOS/tasks.o
 .text.prvInitialiseTaskLists
                0x0800237c       0x80 ./ThirdParty/FreeRTOS/tasks.o
 .text.prvCheckTasksWaitingTermination
                0x080023fc       0x5c ./ThirdParty/FreeRTOS/tasks.o
 .text.prvDeleteTCB
                0x08002458       0x20 ./ThirdParty/FreeRTOS/tasks.o
 .text.prvResetNextTaskUnblockTime
                0x08002478       0x34 ./ThirdParty/FreeRTOS/tasks.o
 .text.prvAddCurrentTaskToDelayedList
                0x080024ac       0xf0 ./ThirdParty/FreeRTOS/tasks.o
 .text.pxPortInitialiseStack
                0x0800259c       0x58 ./ThirdParty/FreeRTOS/portable/GCC/ARM_CM3/port.o
                0x0800259c                pxPortInitialiseStack
 .text.prvTaskExitError
                0x080025f4       0x32 ./ThirdParty/FreeRTOS/portable/GCC/ARM_CM3/port.o
 *fill*         0x08002626        0xa 
 .text.SVC_Handler
                0x08002630       0x28 ./ThirdParty/FreeRTOS/portable/GCC/ARM_CM3/port.o
                0x08002630                SVC_Handler
 .text.prvPortStartFirstTask
                0x08002658       0x24 ./ThirdParty/FreeRTOS/portable/GCC/ARM_CM3/port.o
 .text.xPortStartScheduler
                0x0800267c       0x40 ./ThirdParty/FreeRTOS/portable/GCC/ARM_CM3/port.o
                0x0800267c                xPortStartScheduler
 .text.vPortEnterCritical
                0x080026bc       0x34 ./ThirdParty/FreeRTOS/portable/GCC/ARM_CM3/port.o
                0x080026bc                vPortEnterCritical
 .text.vPortExitCritical
                0x080026f0       0x34 ./ThirdParty/FreeRTOS/portable/GCC/ARM_CM3/port.o
                0x080026f0                vPortExitCritical
 *fill*         0x08002724        0xc 
 .text.PendSV_Handler
                0x08002730       0x48 ./ThirdParty/FreeRTOS/portable/GCC/ARM_CM3/port.o
                0x08002730                PendSV_Handler
 .text.SysTick_Handler
                0x08002778       0x44 ./ThirdParty/FreeRTOS/portable/GCC/ARM_CM3/port.o
                0x08002778                SysTick_Handler
 .text.vPortSetupTimerInterrupt
                0x080027bc       0x34 ./ThirdParty/FreeRTOS/portable/GCC/ARM_CM3/port.o
                0x080027bc                vPortSetupTimerInterrupt
 .text.pvPortMalloc
                0x080027f0      0x15c ./ThirdParty/FreeRTOS/portable/MemMang/heap_4.o
                0x080027f0                pvPortMalloc
 .text.vPortFree
                0x0800294c       0x80 ./ThirdParty/FreeRTOS/portable/MemMang/heap_4.o
                0x0800294c                vPortFree
 .text.prvHeapInit
                0x080029cc       0xc4 ./ThirdParty/FreeRTOS/portable/MemMang/heap_4.o
 .text.prvInsertBlockIntoFreeList
                0x08002a90       0xb0 ./ThirdParty/FreeRTOS/portable/MemMang/heap_4.o
 .text.SYSVIEW_AddTask
                0x08002b40       0xd0 ./ThirdParty/SEGGER/OS/SEGGER_SYSVIEW_FreeRTOS.o
                0x08002b40                SYSVIEW_AddTask
 .text.SYSVIEW_UpdateTask
                0x08002c10       0xe0 ./ThirdParty/SEGGER/OS/SEGGER_SYSVIEW_FreeRTOS.o
                0x08002c10                SYSVIEW_UpdateTask
 .text.SYSVIEW_SendTaskInfo
                0x08002cf0       0x42 ./ThirdParty/SEGGER/OS/SEGGER_SYSVIEW_FreeRTOS.o
                0x08002cf0                SYSVIEW_SendTaskInfo
 *fill*         0x08002d32        0x2 
 .text.USART2_IRQHandler
                0x08002d34       0x94 ./ThirdParty/SEGGER/Rec/segger_uart.o
                0x08002d34                USART2_IRQHandler
 .text.HIF_UART_EnableTXEInterrupt
                0x08002dc8       0x1c ./ThirdParty/SEGGER/Rec/segger_uart.o
                0x08002dc8                HIF_UART_EnableTXEInterrupt
 .text._DoInit  0x08002de4       0xa4 ./ThirdParty/SEGGER/SEGGER/SEGGER_RTT.o
 .text.SEGGER_RTT_ReadNoLock
                0x08002e88      0x10c ./ThirdParty/SEGGER/SEGGER/SEGGER_RTT.o
                0x08002e88                SEGGER_RTT_ReadNoLock
 .text._EncodeStr
                0x08002f94       0x98 ./ThirdParty/SEGGER/SEGGER/SEGGER_SYSVIEW.o
 .text._PreparePacket
                0x0800302c       0x16 ./ThirdParty/SEGGER/SEGGER/SEGGER_SYSVIEW.o
 *fill*         0x08003042        0x2 
 .text._HandleIncomingPacket
                0x08003044       0xe0 ./ThirdParty/SEGGER/SEGGER/SEGGER_SYSVIEW.o
 .text._TrySendOverflowPacket
                0x08003124       0xe8 ./ThirdParty/SEGGER/SEGGER/SEGGER_SYSVIEW.o
 .text._SendPacket
                0x0800320c      0x1d0 ./ThirdParty/SEGGER/SEGGER/SEGGER_SYSVIEW.o
 .text.SEGGER_SYSVIEW_RecordVoid
                0x080033dc       0x3c ./ThirdParty/SEGGER/SEGGER/SEGGER_SYSVIEW.o
                0x080033dc                SEGGER_SYSVIEW_RecordVoid
 .text.SEGGER_SYSVIEW_RecordU32
                0x08003418       0x78 ./ThirdParty/SEGGER/SEGGER/SEGGER_SYSVIEW.o
                0x08003418                SEGGER_SYSVIEW_RecordU32
 .text.SEGGER_SYSVIEW_RecordU32x2
                0x08003490       0xb4 ./ThirdParty/SEGGER/SEGGER/SEGGER_SYSVIEW.o
                0x08003490                SEGGER_SYSVIEW_RecordU32x2
 .text.SEGGER_SYSVIEW_Start
                0x08003544      0x178 ./ThirdParty/SEGGER/SEGGER/SEGGER_SYSVIEW.o
                0x08003544                SEGGER_SYSVIEW_Start
 .text.SEGGER_SYSVIEW_Stop
                0x080036bc       0x4c ./ThirdParty/SEGGER/SEGGER/SEGGER_SYSVIEW.o
                0x080036bc                SEGGER_SYSVIEW_Stop
 .text.SEGGER_SYSVIEW_GetSysDesc
                0x08003708      0x134 ./ThirdParty/SEGGER/SEGGER/SEGGER_SYSVIEW.o
                0x08003708                SEGGER_SYSVIEW_GetSysDesc
 .text.SEGGER_SYSVIEW_SendTaskInfo
                0x0800383c      0x1c8 ./ThirdParty/SEGGER/SEGGER/SEGGER_SYSVIEW.o
                0x0800383c                SEGGER_SYSVIEW_SendTaskInfo
 .text.SEGGER_SYSVIEW_SendTaskList
                0x08003a04       0x28 ./ThirdParty/SEGGER/SEGGER/SEGGER_SYSVIEW.o
                0x08003a04                SEGGER_SYSVIEW_SendTaskList
 .text.SEGGER_SYSVIEW_RecordSystime
                0x08003a2c       0x64 ./ThirdParty/SEGGER/SEGGER/SEGGER_SYSVIEW.o
                0x08003a2c                SEGGER_SYSVIEW_RecordSystime
 .text.SEGGER_SYSVIEW_OnIdle
                0x08003a90       0x38 ./ThirdParty/SEGGER/SEGGER/SEGGER_SYSVIEW.o
                0x08003a90                SEGGER_SYSVIEW_OnIdle
 .text.SEGGER_SYSVIEW_OnTaskCreate
                0x08003ac8       0x84 ./ThirdParty/SEGGER/SEGGER/SEGGER_SYSVIEW.o
                0x08003ac8                SEGGER_SYSVIEW_OnTaskCreate
 .text.SEGGER_SYSVIEW_OnTaskStartExec
                0x08003b4c       0x84 ./ThirdParty/SEGGER/SEGGER/SEGGER_SYSVIEW.o
                0x08003b4c                SEGGER_SYSVIEW_OnTaskStartExec
 .text.SEGGER_SYSVIEW_OnTaskStartReady
                0x08003bd0       0x84 ./ThirdParty/SEGGER/SEGGER/SEGGER_SYSVIEW.o
                0x08003bd0                SEGGER_SYSVIEW_OnTaskStartReady
 .text.SEGGER_SYSVIEW_OnTaskStopReady
                0x08003c54       0xc0 ./ThirdParty/SEGGER/SEGGER/SEGGER_SYSVIEW.o
                0x08003c54                SEGGER_SYSVIEW_OnTaskStopReady
 .text.SEGGER_SYSVIEW_ShrinkId
                0x08003d14       0x20 ./ThirdParty/SEGGER/SEGGER/SEGGER_SYSVIEW.o
                0x08003d14                SEGGER_SYSVIEW_ShrinkId
 .text.SEGGER_SYSVIEW_SendModule
                0x08003d34      0x100 ./ThirdParty/SEGGER/SEGGER/SEGGER_SYSVIEW.o
                0x08003d34                SEGGER_SYSVIEW_SendModule
 .text.SEGGER_SYSVIEW_SendModuleDescription
                0x08003e34       0x3c ./ThirdParty/SEGGER/SEGGER/SEGGER_SYSVIEW.o
                0x08003e34                SEGGER_SYSVIEW_SendModuleDescription
 .text.SEGGER_SYSVIEW_SendNumModules
                0x08003e70       0x7c ./ThirdParty/SEGGER/SEGGER/SEGGER_SYSVIEW.o
                0x08003e70                SEGGER_SYSVIEW_SendNumModules
 .text.SEGGER_SYSVIEW_Warn
                0x08003eec       0xb8 ./ThirdParty/SEGGER/SEGGER/SEGGER_SYSVIEW.o
                0x08003eec                SEGGER_SYSVIEW_Warn
 .text.memcmp   0x08003fa4       0x20 /opt/st/stm32cubeide_1.19.0/plugins/com.st.stm32cube.ide.mcu.externaltools.gnu-tools-for-stm32.13.3.rel1.linux64_1.0.0.202410170706/tools/bin/../lib/gcc/arm-none-eabi/13.3.1/../../../../arm-none-eabi/lib/thumb/v7-m/nofp/libc_nano.a(libc_a-memcmp.o)
                0x08003fa4                memcmp
 .text.memset   0x08003fc4       0x10 /opt/st/stm32cubeide_1.19.0/plugins/com.st.stm32cube.ide.mcu.externaltools.gnu-tools-for-stm32.13.3.rel1.linux64_1.0.0.202410170706/tools/bin/../lib/gcc/arm-none-eabi/13.3.1/../../../../arm-none-eabi/lib/thumb/v7-m/nofp/libc_nano.a(libc_a-memset.o)
                0x08003fc4                memset
 .text.__libc_init_array
                0x08003fd4       0x48 /opt/st/stm32cubeide_1.19.0/plugins/com.st.stm32cube.ide.mcu.externaltools.gnu-tools-for-stm32.13.3.rel1.linux64_1.0.0.202410170706/tools/bin/../lib/gcc/arm-none-eabi/13.3.1/../../../../arm-none-eabi/lib/thumb/v7-m/nofp/libc_nano.a(libc_a-init.o)
                0x08003fd4                __libc_init_array
 .text.memcpy   0x0800401c       0x1c /opt/st/stm32cubeide_1.19.0/plugins/com.st.stm32cube.ide.mcu.externaltools.gnu-tools-for-stm32.13.3.rel1.linux64_1.0.0.202410170706/tools/bin/../lib/gcc/arm-none-eabi/13.3.1/../../../../arm-none-eabi/lib/thumb/v7-m/nofp/libc_nano.a(libc_a-memcpy-stub.o)
                0x0800401c                memcpy
 *(.glue_7)
 .glue_7        0x08004038        0x0 linker stubs
 *(.glue_7t)
 .glue_7t       0x08004038        0x0 linker stubs
 *(.eh_frame)
 .eh_frame      0x08004038        0x0 /opt/st/stm32cubeide_1.19.0/plugins/com.st.stm32cube.ide.mcu.externaltools.gnu-tools-for-stm32.13.3.rel1.linux64_1.0.0.202410170706/tools/bin/../lib/gcc/arm-none-eabi/13.3.1/thumb/v7-m/nofp/crtbegin.o
 *(.init)
 .init          0x08004038        0x4 /opt/st/stm32cubeide_1.19.0/plugins/com.st.stm32cube.ide.mcu.externaltools.gnu-tools-for-stm32.13.3.rel1.linux64_1.0.0.202410170706/tools/bin/../lib/gcc/arm-none-eabi/13.3.1/thumb/v7-m/nofp/crti.o
                0x08004038                _init
 .init          0x0800403c        0x8 /opt/st/stm32cubeide_1.19.0/plugins/com.st.stm32cube.ide.mcu.externaltools.gnu-tools-for-stm32.13.3.rel1.linux64_1.0.0.202410170706/tools/bin/../lib/gcc/arm-none-eabi/13.3.1/thumb/v7-m/nofp/crtn.o
 *(.fini)
 .fini          0x08004044        0x4 /opt/st/stm32cubeide_1.19.0/plugins/com.st.stm32cube.ide.mcu.externaltools.gnu-tools-for-stm32.13.3.rel1.linux64_1.0.0.202410170706/tools/bin/../lib/gcc/arm-none-eabi/13.3.1/thumb/v7-m/nofp/crti.o
                0x08004044                _fini
 .fini          0x08004048        0x8 /opt/st/stm32cubeide_1.19.0/plugins/com.st.stm32cube.ide.mcu.externaltools.gnu-tools-for-stm32.13.3.rel1.linux64_1.0.0.202410170706/tools/bin/../lib/gcc/arm-none-eabi/13.3.1/thumb/v7-m/nofp/crtn.o
                0x08004050                        . = ALIGN (0x4)
                0x08004050                        _etext = .

.vfp11_veneer   0x08004050        0x0
 .vfp11_veneer  0x08004050        0x0 linker stubs

.v4_bx          0x08004050        0x0
 .v4_bx         0x08004050        0x0 linker stubs

.iplt           0x08004050        0x0
 .iplt          0x08004050        0x0 /opt/st/stm32cubeide_1.19.0/plugins/com.st.stm32cube.ide.mcu.externaltools.gnu-tools-for-stm32.13.3.rel1.linux64_1.0.0.202410170706/tools/bin/../lib/gcc/arm-none-eabi/13.3.1/thumb/v7-m/nofp/crtbegin.o

.rodata         0x08004050       0xc0
                0x08004050                        . = ALIGN (0x4)
 *(.rodata)
 .rodata        0x08004050        0x9 ./Core/Src/InvertPriority.o
 *fill*         0x08004059        0x3 
 .rodata        0x0800405c        0x5 ./ThirdParty/FreeRTOS/tasks.o
 *fill*         0x08004061        0x3 
 .rodata        0x08004064       0x58 ./ThirdParty/SEGGER/OS/SEGGER_SYSVIEW_FreeRTOS.o
 .rodata        0x080040bc       0x17 ./ThirdParty/SEGGER/SEGGER/SEGGER_RTT.o
 *(.rodata*)
 *fill*         0x080040d3        0x1 
 .rodata.AHBPrescTable
                0x080040d4       0x10 ./Core/Src/system_stm32f1xx.o
                0x080040d4                AHBPrescTable
 .rodata.APBPrescTable
                0x080040e4        0x8 ./Core/Src/system_stm32f1xx.o
                0x080040e4                APBPrescTable
 .rodata.aPLLMULFactorTable.1
                0x080040ec       0x10 ./Drivers/STM32F1xx_HAL_Driver/Src/stm32f1xx_hal_rcc.o
 .rodata.aPredivFactorTable.0
                0x080040fc        0x2 ./Drivers/STM32F1xx_HAL_Driver/Src/stm32f1xx_hal_rcc.o
 *fill*         0x080040fe        0x2 
 .rodata.uxTopUsedPriority
                0x08004100        0x4 ./ThirdParty/FreeRTOS/tasks.o
                0x08004100                uxTopUsedPriority
 .rodata._abSync
                0x08004104        0xa ./ThirdParty/SEGGER/SEGGER/SEGGER_SYSVIEW.o
                0x08004110                        . = ALIGN (0x4)
 *fill*         0x0800410e        0x2 

.ARM.extab      0x08004110        0x0
                0x08004110                        . = ALIGN (0x4)
 *(.ARM.extab* .gnu.linkonce.armextab.*)
                0x08004110                        . = ALIGN (0x4)

.ARM            0x08004110        0x0
                0x08004110                        . = ALIGN (0x4)
                0x08004110                        __exidx_start = .
 *(.ARM.exidx*)
                0x08004110                        __exidx_end = .
                0x08004110                        . = ALIGN (0x4)

.preinit_array  0x08004110        0x0
                0x08004110                        . = ALIGN (0x4)
                0x08004110                        PROVIDE (__preinit_array_start = .)
 *(.preinit_array*)
                0x08004110                        PROVIDE (__preinit_array_end = .)
                0x08004110                        . = ALIGN (0x4)

.init_array     0x08004110        0x4
                0x08004110                        . = ALIGN (0x4)
                0x08004110                        PROVIDE (__init_array_start = .)
 *(SORT_BY_NAME(.init_array.*))
 *(.init_array*)
 .init_array    0x08004110        0x4 /opt/st/stm32cubeide_1.19.0/plugins/com.st.stm32cube.ide.mcu.externaltools.gnu-tools-for-stm32.13.3.rel1.linux64_1.0.0.202410170706/tools/bin/../lib/gcc/arm-none-eabi/13.3.1/thumb/v7-m/nofp/crtbegin.o
                0x08004114                        PROVIDE (__init_array_end = .)
                0x08004114                        . = ALIGN (0x4)

.fini_array     0x08004114        0x4
                0x08004114                        . = ALIGN (0x4)
                [!provide]                        PROVIDE (__fini_array_start = .)
 *(SORT_BY_NAME(.fini_array.*))
 *(.fini_array*)
 .fini_array    0x08004114        0x4 /opt/st/stm32cubeide_1.19.0/plugins/com.st.stm32cube.ide.mcu.externaltools.gnu-tools-for-stm32.13.3.rel1.linux64_1.0.0.202410170706/tools/bin/../lib/gcc/arm-none-eabi/13.3.1/thumb/v7-m/nofp/crtbegin.o
                [!provide]                        PROVIDE (__fini_array_end = .)
                0x08004118                        . = ALIGN (0x4)
                0x08004118                        _sidata = LOADADDR (.data)

.rel.dyn        0x08004118        0x0
 .rel.iplt      0x08004118        0x0 /opt/st/stm32cubeide_1.19.0/plugins/com.st.stm32cube.ide.mcu.externaltools.gnu-tools-for-stm32.13.3.rel1.linux64_1.0.0.202410170706/tools/bin/../lib/gcc/arm-none-eabi/13.3.1/thumb/v7-m/nofp/crtbegin.o

.data           0x20000000       0x14 load address 0x08004118
                0x20000000                        . = ALIGN (0x4)
                0x20000000                        _sdata = .
 *(.data)
 *(.data*)
 .data.green_priority
                0x20000000        0x1 ./Core/Src/InvertPriority.o
                0x20000000                green_priority
 .data.blue_priority
                0x20000001        0x1 ./Core/Src/InvertPriority.o
                0x20000001                blue_priority
 *fill*         0x20000002        0x2 
 .data.SystemCoreClock
                0x20000004        0x4 ./Core/Src/system_stm32f1xx.o
                0x20000004                SystemCoreClock
 .data.uwTickPrio
                0x20000008        0x4 ./Drivers/STM32F1xx_HAL_Driver/Src/stm32f1xx_hal.o
                0x20000008                uwTickPrio
 .data.uwTickFreq
                0x2000000c        0x1 ./Drivers/STM32F1xx_HAL_Driver/Src/stm32f1xx_hal.o
                0x2000000c                uwTickFreq
 *fill*         0x2000000d        0x3 
 .data.uxCriticalNesting
                0x20000010        0x4 ./ThirdParty/FreeRTOS/portable/GCC/ARM_CM3/port.o
 *(.RamFunc)
 *(.RamFunc*)
                0x20000014                        . = ALIGN (0x4)
                0x20000014                        _edata = .

.igot.plt       0x20000014        0x0 load address 0x0800412c
 .igot.plt      0x20000014        0x0 /opt/st/stm32cubeide_1.19.0/plugins/com.st.stm32cube.ide.mcu.externaltools.gnu-tools-for-stm32.13.3.rel1.linux64_1.0.0.202410170706/tools/bin/../lib/gcc/arm-none-eabi/13.3.1/thumb/v7-m/nofp/crtbegin.o
                0x20000014                        . = ALIGN (0x4)

.bss            0x20000014     0x4010 load address 0x0800412c
                0x20000014                        _sbss = .
                0x20000014                        __bss_start__ = _sbss
 *(.bss)
 .bss           0x20000014       0x1c /opt/st/stm32cubeide_1.19.0/plugins/com.st.stm32cube.ide.mcu.externaltools.gnu-tools-for-stm32.13.3.rel1.linux64_1.0.0.202410170706/tools/bin/../lib/gcc/arm-none-eabi/13.3.1/thumb/v7-m/nofp/crtbegin.o
 *(.bss*)
 .bss.green_handle
                0x20000030        0x4 ./Core/Src/InvertPriority.o
                0x20000030                green_handle
 .bss.blue_handle
                0x20000034        0x4 ./Core/Src/InvertPriority.o
                0x20000034                blue_handle
 .bss.status    0x20000038        0x4 ./Core/Src/InvertPriority.o
                0x20000038                status
 .bss.htim2     0x2000003c       0x48 ./Core/Src/stm32f1xx_hal_timebase_tim.o
                0x2000003c                htim2
 .bss.uwTick    0x20000084        0x4 ./Drivers/STM32F1xx_HAL_Driver/Src/stm32f1xx_hal.o
                0x20000084                uwTick
 .bss.pxCurrentTCB
                0x20000088        0x4 ./ThirdParty/FreeRTOS/tasks.o
                0x20000088                pxCurrentTCB
 .bss.pxReadyTasksLists
                0x2000008c       0x64 ./ThirdParty/FreeRTOS/tasks.o
 .bss.xDelayedTaskList1
                0x200000f0       0x14 ./ThirdParty/FreeRTOS/tasks.o
 .bss.xDelayedTaskList2
                0x20000104       0x14 ./ThirdParty/FreeRTOS/tasks.o
 .bss.pxDelayedTaskList
                0x20000118        0x4 ./ThirdParty/FreeRTOS/tasks.o
 .bss.pxOverflowDelayedTaskList
                0x2000011c        0x4 ./ThirdParty/FreeRTOS/tasks.o
 .bss.xPendingReadyList
                0x20000120       0x14 ./ThirdParty/FreeRTOS/tasks.o
 .bss.xTasksWaitingTermination
                0x20000134       0x14 ./ThirdParty/FreeRTOS/tasks.o
 .bss.uxDeletedTasksWaitingCleanUp
                0x20000148        0x4 ./ThirdParty/FreeRTOS/tasks.o
 .bss.xSuspendedTaskList
                0x2000014c       0x14 ./ThirdParty/FreeRTOS/tasks.o
 .bss.uxCurrentNumberOfTasks
                0x20000160        0x4 ./ThirdParty/FreeRTOS/tasks.o
 .bss.xTickCount
                0x20000164        0x4 ./ThirdParty/FreeRTOS/tasks.o
 .bss.uxTopReadyPriority
                0x20000168        0x4 ./ThirdParty/FreeRTOS/tasks.o
 .bss.xSchedulerRunning
                0x2000016c        0x4 ./ThirdParty/FreeRTOS/tasks.o
 .bss.xPendedTicks
                0x20000170        0x4 ./ThirdParty/FreeRTOS/tasks.o
 .bss.xYieldPending
                0x20000174        0x4 ./ThirdParty/FreeRTOS/tasks.o
 .bss.xNumOfOverflows
                0x20000178        0x4 ./ThirdParty/FreeRTOS/tasks.o
 .bss.uxTaskNumber
                0x2000017c        0x4 ./ThirdParty/FreeRTOS/tasks.o
 .bss.xNextTaskUnblockTime
                0x20000180        0x4 ./ThirdParty/FreeRTOS/tasks.o
 .bss.xIdleTaskHandle
                0x20000184        0x4 ./ThirdParty/FreeRTOS/tasks.o
 .bss.uxSchedulerSuspended
                0x20000188        0x4 ./ThirdParty/FreeRTOS/tasks.o
 .bss.ucHeap    0x2000018c     0x3800 ./ThirdParty/FreeRTOS/portable/MemMang/heap_4.o
 .bss.xStart    0x2000398c        0x8 ./ThirdParty/FreeRTOS/portable/MemMang/heap_4.o
 .bss.pxEnd     0x20003994        0x4 ./ThirdParty/FreeRTOS/portable/MemMang/heap_4.o
 .bss.xFreeBytesRemaining
                0x20003998        0x4 ./ThirdParty/FreeRTOS/portable/MemMang/heap_4.o
 .bss.xMinimumEverFreeBytesRemaining
                0x2000399c        0x4 ./ThirdParty/FreeRTOS/portable/MemMang/heap_4.o
 .bss.xNumberOfSuccessfulAllocations
                0x200039a0        0x4 ./ThirdParty/FreeRTOS/portable/MemMang/heap_4.o
 .bss.xNumberOfSuccessfulFrees
                0x200039a4        0x4 ./ThirdParty/FreeRTOS/portable/MemMang/heap_4.o
 .bss.xBlockAllocatedBit
                0x200039a8        0x4 ./ThirdParty/FreeRTOS/portable/MemMang/heap_4.o
 .bss._aTasks   0x200039ac       0xa0 ./ThirdParty/SEGGER/OS/SEGGER_SYSVIEW_FreeRTOS.o
 .bss._NumTasks
                0x20003a4c        0x4 ./ThirdParty/SEGGER/OS/SEGGER_SYSVIEW_FreeRTOS.o
 .bss._cbOnRx   0x20003a50        0x4 ./ThirdParty/SEGGER/Rec/segger_uart.o
 .bss._cbOnTx   0x20003a54        0x4 ./ThirdParty/SEGGER/Rec/segger_uart.o
 .bss._SEGGER_RTT
                0x20003a58       0xa8 ./ThirdParty/SEGGER/SEGGER/SEGGER_RTT.o
                0x20003a58                _SEGGER_RTT
 .bss._acUpBuffer
                0x20003b00      0x400 ./ThirdParty/SEGGER/SEGGER/SEGGER_RTT.o
 .bss._acDownBuffer
                0x20003f00       0x10 ./ThirdParty/SEGGER/SEGGER/SEGGER_RTT.o
 .bss._SYSVIEW_Globals
                0x20003f10       0x28 ./ThirdParty/SEGGER/SEGGER/SEGGER_SYSVIEW.o
 .bss._pFirstModule
                0x20003f38        0x4 ./ThirdParty/SEGGER/SEGGER/SEGGER_SYSVIEW.o
 .bss._NumModules
                0x20003f3c        0x1 ./ThirdParty/SEGGER/SEGGER/SEGGER_SYSVIEW.o
 *fill*         0x20003f3d        0x3 
 .bss._aPacket  0x20003f40       0xe3 ./ThirdParty/SEGGER/SEGGER/SEGGER_SYSVIEW.o
 *(COMMON)
                0x20004024                        . = ALIGN (0x4)
 *fill*         0x20004023        0x1 
                0x20004024                        _ebss = .
                0x20004024                        __bss_end__ = _ebss

._user_heap_stack
                0x20004024      0x604 load address 0x0800412c
                0x20004028                        . = ALIGN (0x8)
 *fill*         0x20004024        0x4 
                0x20004028                        PROVIDE (end = .)
                [!provide]                        PROVIDE (_end = .)
                0x20004228                        . = (. + _Min_Heap_Size)
 *fill*         0x20004028      0x200 
                0x20004628                        . = (. + _Min_Stack_Size)
 *fill*         0x20004228      0x400 
                0x20004628                        . = ALIGN (0x8)

/DISCARD/
 libc.a(*)
 libm.a(*)
 libgcc.a(*)

.ARM.attributes
                0x00000000       0x29
 *(.ARM.attributes)
 .ARM.attributes
                0x00000000       0x1d /opt/st/stm32cubeide_1.19.0/plugins/com.st.stm32cube.ide.mcu.externaltools.gnu-tools-for-stm32.13.3.rel1.linux64_1.0.0.202410170706/tools/bin/../lib/gcc/arm-none-eabi/13.3.1/thumb/v7-m/nofp/crti.o
 .ARM.attributes
                0x0000001d       0x2d /opt/st/stm32cubeide_1.19.0/plugins/com.st.stm32cube.ide.mcu.externaltools.gnu-tools-for-stm32.13.3.rel1.linux64_1.0.0.202410170706/tools/bin/../lib/gcc/arm-none-eabi/13.3.1/thumb/v7-m/nofp/crtbegin.o
 .ARM.attributes
                0x0000004a       0x2d ./Core/Src/InvertPriority.o
 .ARM.attributes
                0x00000077       0x2d ./Core/Src/stm32f1xx_hal_msp.o
 .ARM.attributes
                0x000000a4       0x2d ./Core/Src/stm32f1xx_hal_timebase_tim.o
 .ARM.attributes
                0x000000d1       0x2d ./Core/Src/stm32f1xx_it.o
 .ARM.attributes
                0x000000fe       0x2d ./Core/Src/system_stm32f1xx.o
 .ARM.attributes
                0x0000012b       0x21 ./Core/Startup/startup_stm32f103rbtx.o
 .ARM.attributes
                0x0000014c       0x2d ./Drivers/STM32F1xx_HAL_Driver/Src/stm32f1xx_hal.o
 .ARM.attributes
                0x00000179       0x2d ./Drivers/STM32F1xx_HAL_Driver/Src/stm32f1xx_hal_cortex.o
 .ARM.attributes
                0x000001a6       0x2d ./Drivers/STM32F1xx_HAL_Driver/Src/stm32f1xx_hal_gpio.o
 .ARM.attributes
                0x000001d3       0x2d ./Drivers/STM32F1xx_HAL_Driver/Src/stm32f1xx_hal_rcc.o
 .ARM.attributes
                0x00000200       0x2d ./Drivers/STM32F1xx_HAL_Driver/Src/stm32f1xx_hal_tim.o
 .ARM.attributes
                0x0000022d       0x2d ./Drivers/STM32F1xx_HAL_Driver/Src/stm32f1xx_hal_tim_ex.o
 .ARM.attributes
                0x0000025a       0x2d ./ThirdParty/FreeRTOS/list.o
 .ARM.attributes
                0x00000287       0x2d ./ThirdParty/FreeRTOS/tasks.o
 .ARM.attributes
                0x000002b4       0x2d ./ThirdParty/FreeRTOS/portable/GCC/ARM_CM3/port.o
 .ARM.attributes
                0x000002e1       0x2d ./ThirdParty/FreeRTOS/portable/MemMang/heap_4.o
 .ARM.attributes
                0x0000030e       0x2d ./ThirdParty/SEGGER/OS/SEGGER_SYSVIEW_FreeRTOS.o
 .ARM.attributes
                0x0000033b       0x2d ./ThirdParty/SEGGER/Rec/segger_uart.o
 .ARM.attributes
                0x00000368       0x2d ./ThirdParty/SEGGER/SEGGER/SEGGER_RTT.o
 .ARM.attributes
                0x00000395       0x1b ./ThirdParty/SEGGER/SEGGER/SEGGER_RTT_ASM_ARMv7M.o
 .ARM.attributes
                0x000003b0       0x2d ./ThirdParty/SEGGER/SEGGER/SEGGER_SYSVIEW.o
 .ARM.attributes
                0x000003dd       0x2d /opt/st/stm32cubeide_1.19.0/plugins/com.st.stm32cube.ide.mcu.externaltools.gnu-tools-for-stm32.13.3.rel1.linux64_1.0.0.202410170706/tools/bin/../lib/gcc/arm-none-eabi/13.3.1/../../../../arm-none-eabi/lib/thumb/v7-m/nofp/libc_nano.a(libc_a-memcmp.o)
 .ARM.attributes
                0x0000040a       0x2d /opt/st/stm32cubeide_1.19.0/plugins/com.st.stm32cube.ide.mcu.externaltools.gnu-tools-for-stm32.13.3.rel1.linux64_1.0.0.202410170706/tools/bin/../lib/gcc/arm-none-eabi/13.3.1/../../../../arm-none-eabi/lib/thumb/v7-m/nofp/libc_nano.a(libc_a-memset.o)
 .ARM.attributes
                0x00000437       0x2d /opt/st/stm32cubeide_1.19.0/plugins/com.st.stm32cube.ide.mcu.externaltools.gnu-tools-for-stm32.13.3.rel1.linux64_1.0.0.202410170706/tools/bin/../lib/gcc/arm-none-eabi/13.3.1/../../../../arm-none-eabi/lib/thumb/v7-m/nofp/libc_nano.a(libc_a-init.o)
 .ARM.attributes
                0x00000464       0x2d /opt/st/stm32cubeide_1.19.0/plugins/com.st.stm32cube.ide.mcu.externaltools.gnu-tools-for-stm32.13.3.rel1.linux64_1.0.0.202410170706/tools/bin/../lib/gcc/arm-none-eabi/13.3.1/../../../../arm-none-eabi/lib/thumb/v7-m/nofp/libc_nano.a(libc_a-memcpy-stub.o)
 .ARM.attributes
                0x00000491       0x1d /opt/st/stm32cubeide_1.19.0/plugins/com.st.stm32cube.ide.mcu.externaltools.gnu-tools-for-stm32.13.3.rel1.linux64_1.0.0.202410170706/tools/bin/../lib/gcc/arm-none-eabi/13.3.1/thumb/v7-m/nofp/crtn.o
OUTPUT(FreeRTOS_project.elf elf32-littlearm)
LOAD linker stubs
LOAD /opt/st/stm32cubeide_1.19.0/plugins/com.st.stm32cube.ide.mcu.externaltools.gnu-tools-for-stm32.13.3.rel1.linux64_1.0.0.202410170706/tools/bin/../lib/gcc/arm-none-eabi/13.3.1/../../../../arm-none-eabi/lib/thumb/v7-m/nofp/libc.a
LOAD /opt/st/stm32cubeide_1.19.0/plugins/com.st.stm32cube.ide.mcu.externaltools.gnu-tools-for-stm32.13.3.rel1.linux64_1.0.0.202410170706/tools/bin/../lib/gcc/arm-none-eabi/13.3.1/../../../../arm-none-eabi/lib/thumb/v7-m/nofp/libm.a
LOAD /opt/st/stm32cubeide_1.19.0/plugins/com.st.stm32cube.ide.mcu.externaltools.gnu-tools-for-stm32.13.3.rel1.linux64_1.0.0.202410170706/tools/bin/../lib/gcc/arm-none-eabi/13.3.1/thumb/v7-m/nofp/libgcc.a

.debug_info     0x00000000     0xf5ef
 .debug_info    0x00000000      0xe2d ./Core/Src/InvertPriority.o
 .debug_info    0x00000e2d      0x1f1 ./Core/Src/stm32f1xx_hal_msp.o
 .debug_info    0x0000101e      0x9a8 ./Core/Src/stm32f1xx_hal_timebase_tim.o
 .debug_info    0x000019c6      0x66a ./Core/Src/stm32f1xx_it.o
 .debug_info    0x00002030      0x222 ./Core/Src/system_stm32f1xx.o
 .debug_info    0x00002252       0x30 ./Core/Startup/startup_stm32f103rbtx.o
 .debug_info    0x00002282      0x704 ./Drivers/STM32F1xx_HAL_Driver/Src/stm32f1xx_hal.o
 .debug_info    0x00002986      0xa87 ./Drivers/STM32F1xx_HAL_Driver/Src/stm32f1xx_hal_cortex.o
 .debug_info    0x0000340d      0x5ab ./Drivers/STM32F1xx_HAL_Driver/Src/stm32f1xx_hal_gpio.o
 .debug_info    0x000039b8      0x7d5 ./Drivers/STM32F1xx_HAL_Driver/Src/stm32f1xx_hal_rcc.o
 .debug_info    0x0000418d     0x2959 ./Drivers/STM32F1xx_HAL_Driver/Src/stm32f1xx_hal_tim.o
 .debug_info    0x00006ae6     0x149b ./Drivers/STM32F1xx_HAL_Driver/Src/stm32f1xx_hal_tim_ex.o
 .debug_info    0x00007f81      0x2af ./ThirdParty/FreeRTOS/list.o
 .debug_info    0x00008230     0x17ae ./ThirdParty/FreeRTOS/tasks.o
 .debug_info    0x000099de      0x2e7 ./ThirdParty/FreeRTOS/portable/GCC/ARM_CM3/port.o
 .debug_info    0x00009cc5      0x433 ./ThirdParty/FreeRTOS/portable/MemMang/heap_4.o
 .debug_info    0x0000a0f8      0x411 ./ThirdParty/SEGGER/OS/SEGGER_SYSVIEW_FreeRTOS.o
 .debug_info    0x0000a509      0x7c6 ./ThirdParty/SEGGER/Rec/segger_uart.o
 .debug_info    0x0000accf     0x13d7 ./ThirdParty/SEGGER/SEGGER/SEGGER_RTT.o
 .debug_info    0x0000c0a6       0x25 ./ThirdParty/SEGGER/SEGGER/SEGGER_RTT_ASM_ARMv7M.o
 .debug_info    0x0000c0cb     0x3524 ./ThirdParty/SEGGER/SEGGER/SEGGER_SYSVIEW.o

.debug_abbrev   0x00000000     0x2920
 .debug_abbrev  0x00000000      0x2eb ./Core/Src/InvertPriority.o
 .debug_abbrev  0x000002eb       0xdb ./Core/Src/stm32f1xx_hal_msp.o
 .debug_abbrev  0x000003c6      0x1f3 ./Core/Src/stm32f1xx_hal_timebase_tim.o
 .debug_abbrev  0x000005b9      0x17c ./Core/Src/stm32f1xx_it.o
 .debug_abbrev  0x00000735      0x13f ./Core/Src/system_stm32f1xx.o
 .debug_abbrev  0x00000874       0x24 ./Core/Startup/startup_stm32f103rbtx.o
 .debug_abbrev  0x00000898      0x201 ./Drivers/STM32F1xx_HAL_Driver/Src/stm32f1xx_hal.o
 .debug_abbrev  0x00000a99      0x2f8 ./Drivers/STM32F1xx_HAL_Driver/Src/stm32f1xx_hal_cortex.o
 .debug_abbrev  0x00000d91      0x1ca ./Drivers/STM32F1xx_HAL_Driver/Src/stm32f1xx_hal_gpio.o
 .debug_abbrev  0x00000f5b      0x2b3 ./Drivers/STM32F1xx_HAL_Driver/Src/stm32f1xx_hal_rcc.o
 .debug_abbrev  0x0000120e      0x277 ./Drivers/STM32F1xx_HAL_Driver/Src/stm32f1xx_hal_tim.o
 .debug_abbrev  0x00001485      0x282 ./Drivers/STM32F1xx_HAL_Driver/Src/stm32f1xx_hal_tim_ex.o
 .debug_abbrev  0x00001707       0xf5 ./ThirdParty/FreeRTOS/list.o
 .debug_abbrev  0x000017fc      0x37a ./ThirdParty/FreeRTOS/tasks.o
 .debug_abbrev  0x00001b76      0x20c ./ThirdParty/FreeRTOS/portable/GCC/ARM_CM3/port.o
 .debug_abbrev  0x00001d82      0x1b9 ./ThirdParty/FreeRTOS/portable/MemMang/heap_4.o
 .debug_abbrev  0x00001f3b      0x1a4 ./ThirdParty/SEGGER/OS/SEGGER_SYSVIEW_FreeRTOS.o
 .debug_abbrev  0x000020df      0x28c ./ThirdParty/SEGGER/Rec/segger_uart.o
 .debug_abbrev  0x0000236b      0x258 ./ThirdParty/SEGGER/SEGGER/SEGGER_RTT.o
 .debug_abbrev  0x000025c3       0x14 ./ThirdParty/SEGGER/SEGGER/SEGGER_RTT_ASM_ARMv7M.o
 .debug_abbrev  0x000025d7      0x349 ./ThirdParty/SEGGER/SEGGER/SEGGER_SYSVIEW.o

.debug_aranges  0x00000000     0x1078
 .debug_aranges
                0x00000000       0x60 ./Core/Src/InvertPriority.o
 .debug_aranges
                0x00000060       0x20 ./Core/Src/stm32f1xx_hal_msp.o
 .debug_aranges
                0x00000080       0x30 ./Core/Src/stm32f1xx_hal_timebase_tim.o
 .debug_aranges
                0x000000b0       0x50 ./Core/Src/stm32f1xx_it.o
 .debug_aranges
                0x00000100       0x28 ./Core/Src/system_stm32f1xx.o
 .debug_aranges
                0x00000128       0x28 ./Core/Startup/startup_stm32f103rbtx.o
 .debug_aranges
                0x00000150       0xe0 ./Drivers/STM32F1xx_HAL_Driver/Src/stm32f1xx_hal.o
 .debug_aranges
                0x00000230      0x100 ./Drivers/STM32F1xx_HAL_Driver/Src/stm32f1xx_hal_cortex.o
 .debug_aranges
                0x00000330       0x58 ./Drivers/STM32F1xx_HAL_Driver/Src/stm32f1xx_hal_gpio.o
 .debug_aranges
                0x00000388       0x90 ./Drivers/STM32F1xx_HAL_Driver/Src/stm32f1xx_hal_rcc.o
 .debug_aranges
                0x00000418      0x3d0 ./Drivers/STM32F1xx_HAL_Driver/Src/stm32f1xx_hal_tim.o
 .debug_aranges
                0x000007e8      0x168 ./Drivers/STM32F1xx_HAL_Driver/Src/stm32f1xx_hal_tim_ex.o
 .debug_aranges
                0x00000950       0x40 ./ThirdParty/FreeRTOS/list.o
 .debug_aranges
                0x00000990      0x198 ./ThirdParty/FreeRTOS/tasks.o
 .debug_aranges
                0x00000b28       0x70 ./ThirdParty/FreeRTOS/portable/GCC/ARM_CM3/port.o
 .debug_aranges
                0x00000b98       0x58 ./ThirdParty/FreeRTOS/portable/MemMang/heap_4.o
 .debug_aranges
                0x00000bf0       0x48 ./ThirdParty/SEGGER/OS/SEGGER_SYSVIEW_FreeRTOS.o
 .debug_aranges
                0x00000c38       0x68 ./ThirdParty/SEGGER/Rec/segger_uart.o
 .debug_aranges
                0x00000ca0      0x138 ./ThirdParty/SEGGER/SEGGER/SEGGER_RTT.o
 .debug_aranges
                0x00000dd8       0x20 ./ThirdParty/SEGGER/SEGGER/SEGGER_RTT_ASM_ARMv7M.o
 .debug_aranges
                0x00000df8      0x280 ./ThirdParty/SEGGER/SEGGER/SEGGER_SYSVIEW.o

.debug_rnglists
                0x00000000      0xca4
 .debug_rnglists
                0x00000000       0x47 ./Core/Src/InvertPriority.o
 .debug_rnglists
                0x00000047       0x13 ./Core/Src/stm32f1xx_hal_msp.o
 .debug_rnglists
                0x0000005a       0x20 ./Core/Src/stm32f1xx_hal_timebase_tim.o
 .debug_rnglists
                0x0000007a       0x37 ./Core/Src/stm32f1xx_it.o
 .debug_rnglists
                0x000000b1       0x1a ./Core/Src/system_stm32f1xx.o
 .debug_rnglists
                0x000000cb       0x19 ./Core/Startup/startup_stm32f103rbtx.o
 .debug_rnglists
                0x000000e4       0xa3 ./Drivers/STM32F1xx_HAL_Driver/Src/stm32f1xx_hal.o
 .debug_rnglists
                0x00000187       0xbb ./Drivers/STM32F1xx_HAL_Driver/Src/stm32f1xx_hal_cortex.o
 .debug_rnglists
                0x00000242       0x3f ./Drivers/STM32F1xx_HAL_Driver/Src/stm32f1xx_hal_gpio.o
 .debug_rnglists
                0x00000281       0x6c ./Drivers/STM32F1xx_HAL_Driver/Src/stm32f1xx_hal_rcc.o
 .debug_rnglists
                0x000002ed      0x31a ./Drivers/STM32F1xx_HAL_Driver/Src/stm32f1xx_hal_tim.o
 .debug_rnglists
                0x00000607      0x125 ./Drivers/STM32F1xx_HAL_Driver/Src/stm32f1xx_hal_tim_ex.o
 .debug_rnglists
                0x0000072c       0x2b ./ThirdParty/FreeRTOS/list.o
 .debug_rnglists
                0x00000757      0x144 ./ThirdParty/FreeRTOS/tasks.o
 .debug_rnglists
                0x0000089b       0x4f ./ThirdParty/FreeRTOS/portable/GCC/ARM_CM3/port.o
 .debug_rnglists
                0x000008ea       0x42 ./ThirdParty/FreeRTOS/portable/MemMang/heap_4.o
 .debug_rnglists
                0x0000092c       0x36 ./ThirdParty/SEGGER/OS/SEGGER_SYSVIEW_FreeRTOS.o
 .debug_rnglists
                0x00000962       0x4b ./ThirdParty/SEGGER/Rec/segger_uart.o
 .debug_rnglists
                0x000009ad       0xf5 ./ThirdParty/SEGGER/SEGGER/SEGGER_RTT.o
 .debug_rnglists
                0x00000aa2      0x202 ./ThirdParty/SEGGER/SEGGER/SEGGER_SYSVIEW.o

.debug_macro    0x00000000    0x19b8a
 .debug_macro   0x00000000      0x33c ./Core/Src/InvertPriority.o
 .debug_macro   0x0000033c      0xacc ./Core/Src/InvertPriority.o
 .debug_macro   0x00000e08      0x215 ./Core/Src/InvertPriority.o
 .debug_macro   0x0000101d       0x2e ./Core/Src/InvertPriority.o
 .debug_macro   0x0000104b       0x22 ./Core/Src/InvertPriority.o
 .debug_macro   0x0000106d       0x22 ./Core/Src/InvertPriority.o
 .debug_macro   0x0000108f       0x8e ./Core/Src/InvertPriority.o
 .debug_macro   0x0000111d       0x51 ./Core/Src/InvertPriority.o
 .debug_macro   0x0000116e      0x103 ./Core/Src/InvertPriority.o
 .debug_macro   0x00001271       0x6a ./Core/Src/InvertPriority.o
 .debug_macro   0x000012db      0x1df ./Core/Src/InvertPriority.o
 .debug_macro   0x000014ba       0x1c ./Core/Src/InvertPriority.o
 .debug_macro   0x000014d6       0x22 ./Core/Src/InvertPriority.o
 .debug_macro   0x000014f8       0xbd ./Core/Src/InvertPriority.o
 .debug_macro   0x000015b5      0xd23 ./Core/Src/InvertPriority.o
 .debug_macro   0x000022d8     0xe09e ./Core/Src/InvertPriority.o
 .debug_macro   0x00010376       0x6d ./Core/Src/InvertPriority.o
 .debug_macro   0x000103e3     0x34a2 ./Core/Src/InvertPriority.o
 .debug_macro   0x00013885      0x190 ./Core/Src/InvertPriority.o
 .debug_macro   0x00013a15       0x5c ./Core/Src/InvertPriority.o
 .debug_macro   0x00013a71      0x5bc ./Core/Src/InvertPriority.o
 .debug_macro   0x0001402d      0x289 ./Core/Src/InvertPriority.o
 .debug_macro   0x000142b6      0x1cb ./Core/Src/InvertPriority.o
 .debug_macro   0x00014481      0x114 ./Core/Src/InvertPriority.o
 .debug_macro   0x00014595      0x1b2 ./Core/Src/InvertPriority.o
 .debug_macro   0x00014747       0x27 ./Core/Src/InvertPriority.o
 .debug_macro   0x0001476e      0x136 ./Core/Src/InvertPriority.o
 .debug_macro   0x000148a4      0x1bc ./Core/Src/InvertPriority.o
 .debug_macro   0x00014a60       0x34 ./Core/Src/InvertPriority.o
 .debug_macro   0x00014a94       0x3c ./Core/Src/InvertPriority.o
 .debug_macro   0x00014ad0       0x57 ./Core/Src/InvertPriority.o
 .debug_macro   0x00014b27       0x87 ./Core/Src/InvertPriority.o
 .debug_macro   0x00014bae      0x240 ./Core/Src/InvertPriority.o
 .debug_macro   0x00014dee      0x140 ./Core/Src/InvertPriority.o
 .debug_macro   0x00014f2e      0x8ed ./Core/Src/InvertPriority.o
 .debug_macro   0x0001581b       0x83 ./Core/Src/InvertPriority.o
 .debug_macro   0x0001589e       0x5e ./Core/Src/InvertPriority.o
 .debug_macro   0x000158fc       0xb8 ./Core/Src/InvertPriority.o
 .debug_macro   0x000159b4       0x58 ./Core/Src/InvertPriority.o
 .debug_macro   0x00015a0c       0x46 ./Core/Src/InvertPriority.o
 .debug_macro   0x00015a52       0x64 ./Core/Src/InvertPriority.o
 .debug_macro   0x00015ab6       0x16 ./Core/Src/InvertPriority.o
 .debug_macro   0x00015acc       0x49 ./Core/Src/InvertPriority.o
 .debug_macro   0x00015b15       0xbc ./Core/Src/InvertPriority.o
 .debug_macro   0x00015bd1      0x204 ./Core/Src/InvertPriority.o
 .debug_macro   0x00015dd5      0x450 ./Core/Src/InvertPriority.o
 .debug_macro   0x00016225      0x15a ./Core/Src/InvertPriority.o
 .debug_macro   0x0001637f       0xe3 ./Core/Src/InvertPriority.o
 .debug_macro   0x00016462       0x1c ./Core/Src/InvertPriority.o
 .debug_macro   0x0001647e       0x26 ./Core/Src/InvertPriority.o
 .debug_macro   0x000164a4      0x432 ./Core/Src/InvertPriority.o
 .debug_macro   0x000168d6       0xb5 ./Core/Src/InvertPriority.o
 .debug_macro   0x0001698b      0x120 ./Core/Src/InvertPriority.o
 .debug_macro   0x00016aab       0x24 ./Core/Src/InvertPriority.o
 .debug_macro   0x00016acf       0x61 ./Core/Src/InvertPriority.o
 .debug_macro   0x00016b30       0x43 ./Core/Src/InvertPriority.o
 .debug_macro   0x00016b73       0x34 ./Core/Src/InvertPriority.o
 .debug_macro   0x00016ba7       0x16 ./Core/Src/InvertPriority.o
 .debug_macro   0x00016bbd       0x3c ./Core/Src/InvertPriority.o
 .debug_macro   0x00016bf9      0x370 ./Core/Src/InvertPriority.o
 .debug_macro   0x00016f69       0x16 ./Core/Src/InvertPriority.o
 .debug_macro   0x00016f7f       0x4a ./Core/Src/InvertPriority.o
 .debug_macro   0x00016fc9       0x34 ./Core/Src/InvertPriority.o
 .debug_macro   0x00016ffd       0x10 ./Core/Src/InvertPriority.o
 .debug_macro   0x0001700d       0x58 ./Core/Src/InvertPriority.o
 .debug_macro   0x00017065       0x8e ./Core/Src/InvertPriority.o
 .debug_macro   0x000170f3       0x1c ./Core/Src/InvertPriority.o
 .debug_macro   0x0001710f      0x185 ./Core/Src/InvertPriority.o
 .debug_macro   0x00017294       0x16 ./Core/Src/InvertPriority.o
 .debug_macro   0x000172aa       0x29 ./Core/Src/InvertPriority.o
 .debug_macro   0x000172d3      0x1a8 ./Core/Src/stm32f1xx_hal_msp.o
 .debug_macro   0x0001747b      0x199 ./Core/Src/stm32f1xx_hal_timebase_tim.o
 .debug_macro   0x00017614      0x1b2 ./Core/Src/stm32f1xx_it.o
 .debug_macro   0x000177c6      0x199 ./Core/Src/system_stm32f1xx.o
 .debug_macro   0x0001795f      0x1bd ./Drivers/STM32F1xx_HAL_Driver/Src/stm32f1xx_hal.o
 .debug_macro   0x00017b1c      0x199 ./Drivers/STM32F1xx_HAL_Driver/Src/stm32f1xx_hal_cortex.o
 .debug_macro   0x00017cb5      0x204 ./Drivers/STM32F1xx_HAL_Driver/Src/stm32f1xx_hal_gpio.o
 .debug_macro   0x00017eb9      0x1ab ./Drivers/STM32F1xx_HAL_Driver/Src/stm32f1xx_hal_rcc.o
 .debug_macro   0x00018064      0x19a ./Drivers/STM32F1xx_HAL_Driver/Src/stm32f1xx_hal_tim.o
 .debug_macro   0x000181fe      0x199 ./Drivers/STM32F1xx_HAL_Driver/Src/stm32f1xx_hal_tim_ex.o
 .debug_macro   0x00018397      0x1f3 ./ThirdParty/FreeRTOS/list.o
 .debug_macro   0x0001858a      0x2e0 ./ThirdParty/FreeRTOS/tasks.o
 .debug_macro   0x0001886a       0x10 ./ThirdParty/FreeRTOS/tasks.o
 .debug_macro   0x0001887a      0x1d2 ./ThirdParty/FreeRTOS/portable/GCC/ARM_CM3/port.o
 .debug_macro   0x00018a4c      0x20e ./ThirdParty/FreeRTOS/portable/MemMang/heap_4.o
 .debug_macro   0x00018c5a      0x202 ./ThirdParty/SEGGER/OS/SEGGER_SYSVIEW_FreeRTOS.o
 .debug_macro   0x00018e5c      0x3f1 ./ThirdParty/SEGGER/Rec/segger_uart.o
 .debug_macro   0x0001924d       0x3a ./ThirdParty/SEGGER/Rec/segger_uart.o
 .debug_macro   0x00019287      0x138 ./ThirdParty/SEGGER/Rec/segger_uart.o
 .debug_macro   0x000193bf       0x56 ./ThirdParty/SEGGER/Rec/segger_uart.o
 .debug_macro   0x00019415      0x1bd ./ThirdParty/SEGGER/SEGGER/SEGGER_RTT.o
 .debug_macro   0x000195d2       0x34 ./ThirdParty/SEGGER/SEGGER/SEGGER_RTT.o
 .debug_macro   0x00019606      0x212 ./ThirdParty/SEGGER/SEGGER/SEGGER_SYSVIEW.o
 .debug_macro   0x00019818      0x204 ./ThirdParty/SEGGER/SEGGER/SEGGER_SYSVIEW.o
 .debug_macro   0x00019a1c      0x16e ./ThirdParty/SEGGER/SEGGER/SEGGER_SYSVIEW.o

.debug_line     0x00000000    0x10feb
 .debug_line    0x00000000      0xc70 ./Core/Src/InvertPriority.o
 .debug_line    0x00000c70      0x62a ./Core/Src/stm32f1xx_hal_msp.o
 .debug_line    0x0000129a      0x6a8 ./Core/Src/stm32f1xx_hal_timebase_tim.o
 .debug_line    0x00001942      0x6b2 ./Core/Src/stm32f1xx_it.o
 .debug_line    0x00001ff4      0x6a8 ./Core/Src/system_stm32f1xx.o
 .debug_line    0x0000269c       0x78 ./Core/Startup/startup_stm32f103rbtx.o
 .debug_line    0x00002714      0x8d9 ./Drivers/STM32F1xx_HAL_Driver/Src/stm32f1xx_hal.o
 .debug_line    0x00002fed      0xaa3 ./Drivers/STM32F1xx_HAL_Driver/Src/stm32f1xx_hal_cortex.o
 .debug_line    0x00003a90      0x936 ./Drivers/STM32F1xx_HAL_Driver/Src/stm32f1xx_hal_gpio.o
 .debug_line    0x000043c6      0xd92 ./Drivers/STM32F1xx_HAL_Driver/Src/stm32f1xx_hal_rcc.o
 .debug_line    0x00005158     0x33c7 ./Drivers/STM32F1xx_HAL_Driver/Src/stm32f1xx_hal_tim.o
 .debug_line    0x0000851f     0x179d ./Drivers/STM32F1xx_HAL_Driver/Src/stm32f1xx_hal_tim_ex.o
 .debug_line    0x00009cbc      0x913 ./ThirdParty/FreeRTOS/list.o
 .debug_line    0x0000a5cf     0x16c0 ./ThirdParty/FreeRTOS/tasks.o
 .debug_line    0x0000bc8f      0x8a3 ./ThirdParty/FreeRTOS/portable/GCC/ARM_CM3/port.o
 .debug_line    0x0000c532      0xae7 ./ThirdParty/FreeRTOS/portable/MemMang/heap_4.o
 .debug_line    0x0000d019      0x9f0 ./ThirdParty/SEGGER/OS/SEGGER_SYSVIEW_FreeRTOS.o
 .debug_line    0x0000da09      0xafa ./ThirdParty/SEGGER/Rec/segger_uart.o
 .debug_line    0x0000e503      0xe57 ./ThirdParty/SEGGER/SEGGER/SEGGER_RTT.o
 .debug_line    0x0000f35a       0x84 ./ThirdParty/SEGGER/SEGGER/SEGGER_RTT_ASM_ARMv7M.o
 .debug_line    0x0000f3de     0x1c0d ./ThirdParty/SEGGER/SEGGER/SEGGER_SYSVIEW.o

.debug_str      0x00000000    0x94d87
 .debug_str     0x00000000    0x94d87 ./Core/Src/InvertPriority.o
                              0x8e3d4 (size before relaxing)
 .debug_str     0x00094d87    0x81c7d ./Core/Src/stm32f1xx_hal_msp.o
 .debug_str     0x00094d87    0x8242e ./Core/Src/stm32f1xx_hal_timebase_tim.o
 .debug_str     0x00094d87    0x8214c ./Core/Src/stm32f1xx_it.o
 .debug_str     0x00094d87    0x81b66 ./Core/Src/system_stm32f1xx.o
 .debug_str     0x00094d87       0x8f ./Core/Startup/startup_stm32f103rbtx.o
 .debug_str     0x00094d87    0x82299 ./Drivers/STM32F1xx_HAL_Driver/Src/stm32f1xx_hal.o
 .debug_str     0x00094d87    0x821e5 ./Drivers/STM32F1xx_HAL_Driver/Src/stm32f1xx_hal_cortex.o
 .debug_str     0x00094d87    0x81eec ./Drivers/STM32F1xx_HAL_Driver/Src/stm32f1xx_hal_gpio.o
 .debug_str     0x00094d87    0x81f95 ./Drivers/STM32F1xx_HAL_Driver/Src/stm32f1xx_hal_rcc.o
 .debug_str     0x00094d87    0x82f97 ./Drivers/STM32F1xx_HAL_Driver/Src/stm32f1xx_hal_tim.o
 .debug_str     0x00094d87    0x827a3 ./Drivers/STM32F1xx_HAL_Driver/Src/stm32f1xx_hal_tim_ex.o
 .debug_str     0x00094d87     0xebe4 ./ThirdParty/FreeRTOS/list.o
 .debug_str     0x00094d87    0x11ba7 ./ThirdParty/FreeRTOS/tasks.o
 .debug_str     0x00094d87     0xd118 ./ThirdParty/FreeRTOS/portable/GCC/ARM_CM3/port.o
 .debug_str     0x00094d87    0x1008e ./ThirdParty/FreeRTOS/portable/MemMang/heap_4.o
 .debug_str     0x00094d87     0xfe25 ./ThirdParty/SEGGER/OS/SEGGER_SYSVIEW_FreeRTOS.o
 .debug_str     0x00094d87    0x87aff ./ThirdParty/SEGGER/Rec/segger_uart.o
 .debug_str     0x00094d87     0x7ccc ./ThirdParty/SEGGER/SEGGER/SEGGER_RTT.o
 .debug_str     0x00094d87       0x8d ./ThirdParty/SEGGER/SEGGER/SEGGER_RTT_ASM_ARMv7M.o
 .debug_str     0x00094d87     0x9d20 ./ThirdParty/SEGGER/SEGGER/SEGGER_SYSVIEW.o

.comment        0x00000000       0x43
 .comment       0x00000000       0x43 ./Core/Src/InvertPriority.o
                                 0x44 (size before relaxing)
 .comment       0x00000043       0x44 ./Core/Src/stm32f1xx_hal_msp.o
 .comment       0x00000043       0x44 ./Core/Src/stm32f1xx_hal_timebase_tim.o
 .comment       0x00000043       0x44 ./Core/Src/stm32f1xx_it.o
 .comment       0x00000043       0x44 ./Core/Src/system_stm32f1xx.o
 .comment       0x00000043       0x44 ./Drivers/STM32F1xx_HAL_Driver/Src/stm32f1xx_hal.o
 .comment       0x00000043       0x44 ./Drivers/STM32F1xx_HAL_Driver/Src/stm32f1xx_hal_cortex.o
 .comment       0x00000043       0x44 ./Drivers/STM32F1xx_HAL_Driver/Src/stm32f1xx_hal_gpio.o
 .comment       0x00000043       0x44 ./Drivers/STM32F1xx_HAL_Driver/Src/stm32f1xx_hal_rcc.o
 .comment       0x00000043       0x44 ./Drivers/STM32F1xx_HAL_Driver/Src/stm32f1xx_hal_tim.o
 .comment       0x00000043       0x44 ./Drivers/STM32F1xx_HAL_Driver/Src/stm32f1xx_hal_tim_ex.o
 .comment       0x00000043       0x44 ./ThirdParty/FreeRTOS/list.o
 .comment       0x00000043       0x44 ./ThirdParty/FreeRTOS/tasks.o
 .comment       0x00000043       0x44 ./ThirdParty/FreeRTOS/portable/GCC/ARM_CM3/port.o
 .comment       0x00000043       0x44 ./ThirdParty/FreeRTOS/portable/MemMang/heap_4.o
 .comment       0x00000043       0x44 ./ThirdParty/SEGGER/OS/SEGGER_SYSVIEW_FreeRTOS.o
 .comment       0x00000043       0x44 ./ThirdParty/SEGGER/Rec/segger_uart.o
 .comment       0x00000043       0x44 ./ThirdParty/SEGGER/SEGGER/SEGGER_RTT.o
 .comment       0x00000043       0x44 ./ThirdParty/SEGGER/SEGGER/SEGGER_SYSVIEW.o

.debug_frame    0x00000000     0x440c
 .debug_frame   0x00000000      0x134 ./Core/Src/InvertPriority.o
 .debug_frame   0x00000134       0x38 ./Core/Src/stm32f1xx_hal_msp.o
 .debug_frame   0x0000016c       0x74 ./Core/Src/stm32f1xx_hal_timebase_tim.o
 .debug_frame   0x000001e0       0xc4 ./Core/Src/stm32f1xx_it.o
 .debug_frame   0x000002a4       0x58 ./Core/Src/system_stm32f1xx.o
 .debug_frame   0x000002fc      0x334 ./Drivers/STM32F1xx_HAL_Driver/Src/stm32f1xx_hal.o
 .debug_frame   0x00000630      0x428 ./Drivers/STM32F1xx_HAL_Driver/Src/stm32f1xx_hal_cortex.o
 .debug_frame   0x00000a58      0x14c ./Drivers/STM32F1xx_HAL_Driver/Src/stm32f1xx_hal_gpio.o
 .debug_frame   0x00000ba4      0x218 ./Drivers/STM32F1xx_HAL_Driver/Src/stm32f1xx_hal_rcc.o
 .debug_frame   0x00000dbc     0x11b8 ./Drivers/STM32F1xx_HAL_Driver/Src/stm32f1xx_hal_tim.o
 .debug_frame   0x00001f74      0x638 ./Drivers/STM32F1xx_HAL_Driver/Src/stm32f1xx_hal_tim_ex.o
 .debug_frame   0x000025ac       0xd8 ./ThirdParty/FreeRTOS/list.o
 .debug_frame   0x00002684      0x6f0 ./ThirdParty/FreeRTOS/tasks.o
 .debug_frame   0x00002d74      0x160 ./ThirdParty/FreeRTOS/portable/GCC/ARM_CM3/port.o
 .debug_frame   0x00002ed4      0x12c ./ThirdParty/FreeRTOS/portable/MemMang/heap_4.o
 .debug_frame   0x00003000      0x104 ./ThirdParty/SEGGER/OS/SEGGER_SYSVIEW_FreeRTOS.o
 .debug_frame   0x00003104      0x178 ./ThirdParty/SEGGER/Rec/segger_uart.o
 .debug_frame   0x0000327c      0x530 ./ThirdParty/SEGGER/SEGGER/SEGGER_RTT.o
 .debug_frame   0x000037ac      0xbc4 ./ThirdParty/SEGGER/SEGGER/SEGGER_SYSVIEW.o
 .debug_frame   0x00004370       0x28 /opt/st/stm32cubeide_1.19.0/plugins/com.st.stm32cube.ide.mcu.externaltools.gnu-tools-for-stm32.13.3.rel1.linux64_1.0.0.202410170706/tools/bin/../lib/gcc/arm-none-eabi/13.3.1/../../../../arm-none-eabi/lib/thumb/v7-m/nofp/libc_nano.a(libc_a-memcmp.o)
 .debug_frame   0x00004398       0x20 /opt/st/stm32cubeide_1.19.0/plugins/com.st.stm32cube.ide.mcu.externaltools.gnu-tools-for-stm32.13.3.rel1.linux64_1.0.0.202410170706/tools/bin/../lib/gcc/arm-none-eabi/13.3.1/../../../../arm-none-eabi/lib/thumb/v7-m/nofp/libc_nano.a(libc_a-memset.o)
 .debug_frame   0x000043b8       0x2c /opt/st/stm32cubeide_1.19.0/plugins/com.st.stm32cube.ide.mcu.externaltools.gnu-tools-for-stm32.13.3.rel1.linux64_1.0.0.202410170706/tools/bin/../lib/gcc/arm-none-eabi/13.3.1/../../../../arm-none-eabi/lib/thumb/v7-m/nofp/libc_nano.a(libc_a-init.o)
 .debug_frame   0x000043e4       0x28 /opt/st/stm32cubeide_1.19.0/plugins/com.st.stm32cube.ide.mcu.externaltools.gnu-tools-for-stm32.13.3.rel1.linux64_1.0.0.202410170706/tools/bin/../lib/gcc/arm-none-eabi/13.3.1/../../../../arm-none-eabi/lib/thumb/v7-m/nofp/libc_nano.a(libc_a-memcpy-stub.o)

.debug_line_str
                0x00000000       0xa7
 .debug_line_str
                0x00000000       0xa7 ./Core/Startup/startup_stm32f103rbtx.o
                                 0x73 (size before relaxing)
 .debug_line_str
                0x000000a7       0x7f ./ThirdParty/SEGGER/SEGGER/SEGGER_RTT_ASM_ARMv7M.o
