../ThirdParty/FreeRTOS/portable/GCC/ARM_CM3/port.c:174:15:pxPortInitialiseStack	24	static
../ThirdParty/FreeRTOS/portable/GCC/ARM_CM3/port.c:194:13:prvTaskExitError	16	static,ignoring_inline_asm
../ThirdParty/FreeRTOS/portable/GCC/ARM_CM3/port.c:220:6:SVC_Handler	0	static,ignoring_inline_asm
../ThirdParty/FreeRTOS/portable/GCC/ARM_CM3/port.c:240:13:prvPortStartFirstTask	0	static,ignoring_inline_asm
../ThirdParty/FreeRTOS/portable/GCC/ARM_CM3/port.c:261:12:xPortStartScheduler	8	static
../ThirdParty/FreeRTOS/portable/GCC/ARM_CM3/port.c:358:6:vPortEndScheduler	4	static
../ThirdParty/FreeRTOS/portable/GCC/ARM_CM3/port.c:366:6:vPortEnterCritical	16	static,ignoring_inline_asm
../ThirdParty/FreeRTOS/portable/GCC/ARM_CM3/port.c:383:6:vPortExitCritical	16	static,ignoring_inline_asm
../ThirdParty/FreeRTOS/portable/GCC/ARM_CM3/port.c:395:6:PendSV_Handler	0	static,ignoring_inline_asm
../ThirdParty/FreeRTOS/portable/GCC/ARM_CM3/port.c:432:6:SysTick_Handler	16	static,ignoring_inline_asm
../ThirdParty/FreeRTOS/portable/GCC/ARM_CM3/port.c:626:32:vPortSetupTimerInterrupt	4	static
